{
    "data": {
        "results": {
            "summary": {
                "total": 346
            },
            "hits": {
                "items": [
                    {
                        "id": "tt0111161",
                        "fields": {
                            "released": "1994-10-14T00:00:00+01:00",
                            "title": "The Shawshank Redemption"
                        }
                    },
                    {
                        "id": "tt0068646",
                        "fields": {
                            "released": "1972-03-24T00:00:00+01:00",
                            "title": "The Godfather"
                        }
                    },
                    {
                        "id": "tt0110912",
                        "fields": {
                            "released": "1994-10-14T00:00:00+01:00",
                            "title": "Pulp Fiction"
                        }
                    },
                    {
                        "id": "tt0071562",
                        "fields": {
                            "released": "1974-12-20T00:00:00Z",
                            "title": "The Godfather: Part II"
                        }
                    },
                    {
                        "id": "tt0108052",
                        "fields": {
                            "released": "1993-12-15T00:00:00Z",
                            "title": "Schindler's List"
                        }
                    },
                    {
                        "id": "tt0109830",
                        "fields": {
                            "released": "1994-07-06T00:00:00+01:00",
                            "title": "Forrest Gump"
                        }
                    },
                    {
                        "id": "tt0076759",
                        "fields": {
                            "released": "1977-05-25T00:00:00+01:00",
                            "title": "Star Wars: Episode IV - A New Hope"
                        }
                    },
                    {
                        "id": "tt0114369",
                        "fields": {
                            "released": "1995-09-22T00:00:00+01:00",
                            "title": "Se7en"
                        }
                    },
                    {
                        "id": "tt0080684",
                        "fields": {
                            "released": "1980-05-21T00:00:00+01:00",
                            "title": "Star Wars: Episode V - The Empire Strikes Back"
                        }
                    },
                    {
                        "id": "tt0099685",
                        "fields": {
                            "released": "1990-09-19T00:00:00+01:00",
                            "title": "Goodfellas"
                        }
                    }
                ]
            }
        }
    },
    "extensions": {
        "searchlight_inspection": {
            "version": 1,
            "took": 1,
            "trips": [
                {
                    "query": {
                        "size": 10,
                        "from": 0,
                        "sort": [
                            {
                                "_score": "desc"
                            }
                        ],
                        "_source": {
                            "includes": [
                                "type",
                                "title",
                                "year",
                                "rated",
                                "released",
                                "genres",
                                "directors",
                                "writers",
                                "actors",
                                "countries",
                                "plot",
                                "poster",
                                "id",
                                "metascore",
                                "imdbrating",
                                "primary_genre1",
                                "primary_genre2",
                                "primary_genre3"
                            ]
                        },
                        "highlight": {
                            "fields": {
                                "title": [],
                                "genres": [],
                                "directors": [],
                                "writers": [],
                                "actors": [],
                                "countries": [],
                                "plot": []
                            }
                        },
                        "query": {
                            "bool": {
                                "filter": []
                            }
                        },
                        "post_filter": {
                            "bool": {
                                "must": [
                                    {
                                        "range": {
                                            "released": {
                                                "lte": "1996-01-01T00:00:00+00:00"
                                            }
                                        }
                                    }
                                ]
                            }
                        }
                    },
                    "response": {
                        "took": 1,
                        "timed_out": false,
                        "_shards": {
                            "total": 1,
                            "successful": 1,
                            "skipped": 0,
                            "failed": 0
                        },
                        "hits": {
                            "total": {
                                "value": 346,
                                "relation": "eq"
                            },
                            "max_score": 1,
                            "hits": [
                                {
                                    "_index": "imdb_movies",
                                    "_type": "_doc",
                                    "_id": "tt0111161",
                                    "_score": 1,
                                    "_source": {
                                        "primary_genre1": "Crime",
                                        "year": 1994,
                                        "directors": [
                                            "Frank Darabont"
                                        ],
                                        "writers": [
                                            "Stephen King",
                                            "Frank Darabont"
                                        ],
                                        "countries": [
                                            "USA"
                                        ],
                                        "type": "movie",
                                        "title": "The Shawshank Redemption",
                                        "imdbrating": 9.3,
                                        "rated": "R",
                                        "actors": [
                                            "Tim Robbins",
                                            "Morgan Freeman",
                                            "Bob Gunton",
                                            "William Sadler"
                                        ],
                                        "plot": "Two imprisoned men bond over a number of years, finding solace and eventual redemption through acts of common decency.",
                                        "genres": [
                                            "Crime",
                                            "Drama"
                                        ],
                                        "id": "tt0111161",
                                        "metascore": 80,
                                        "poster": "https:\/\/s3-eu-west-1.amazonaws.com\/imdbimages\/images\/MV5BODU4MjU4NjIwNl5BMl5BanBnXkFtZTgwMDU2MjEyMDE@._V1_SX300.jpg",
                                        "released": "1994-10-14T00:00:00+01:00"
                                    }
                                },
                                {
                                    "_index": "imdb_movies",
                                    "_type": "_doc",
                                    "_id": "tt0068646",
                                    "_score": 1,
                                    "_source": {
                                        "primary_genre2": [
                                            "organized",
                                            "gangland",
                                            "gangster"
                                        ],
                                        "primary_genre1": "Crime",
                                        "year": 1972,
                                        "directors": [
                                            "Francis Ford Coppola"
                                        ],
                                        "writers": [
                                            "Mario Puzo",
                                            "Francis Ford Coppola",
                                            "Mario Puzo"
                                        ],
                                        "countries": [
                                            "USA"
                                        ],
                                        "type": "movie",
                                        "title": "The Godfather",
                                        "imdbrating": 9.2,
                                        "rated": "R",
                                        "actors": [
                                            "Marlon Brando",
                                            "Al Pacino",
                                            "James Caan",
                                            "Richard S. Castellano"
                                        ],
                                        "plot": "The aging patriarch of an organized crime dynasty transfers control of his clandestine empire to his reluctant son.",
                                        "genres": [
                                            "Crime",
                                            "Drama"
                                        ],
                                        "id": "tt0068646",
                                        "metascore": 100,
                                        "poster": "https:\/\/s3-eu-west-1.amazonaws.com\/imdbimages\/images\/MV5BMjEyMjcyNDI4MF5BMl5BanBnXkFtZTcwMDA5Mzg3OA@@._V1_SX300.jpg",
                                        "released": "1972-03-24T00:00:00+01:00"
                                    }
                                },
                                {
                                    "_index": "imdb_movies",
                                    "_type": "_doc",
                                    "_id": "tt0110912",
                                    "_score": 1,
                                    "_source": {
                                        "primary_genre1": "Crime",
                                        "year": 1994,
                                        "directors": [
                                            "Quentin Tarantino"
                                        ],
                                        "writers": [
                                            "Quentin Tarantino",
                                            "Roger Avary",
                                            "Quentin Tarantino"
                                        ],
                                        "countries": [
                                            "USA"
                                        ],
                                        "type": "movie",
                                        "title": "Pulp Fiction",
                                        "imdbrating": 9,
                                        "rated": "R",
                                        "actors": [
                                            "Tim Roth",
                                            "Amanda Plummer",
                                            "Laura Lovelace",
                                            "John Travolta"
                                        ],
                                        "plot": "The lives of two mob hit men, a boxer, a gangster's wife, and a pair of diner bandits intertwine in four tales of violence and redemption.",
                                        "genres": [
                                            "Crime",
                                            "Drama",
                                            "Thriller"
                                        ],
                                        "id": "tt0110912",
                                        "metascore": 94,
                                        "poster": "https:\/\/s3-eu-west-1.amazonaws.com\/imdbimages\/images\/MV5BMjE0ODk2NjczOV5BMl5BanBnXkFtZTYwNDQ0NDg4._V1_SX300.jpg",
                                        "released": "1994-10-14T00:00:00+01:00"
                                    }
                                },
                                {
                                    "_index": "imdb_movies",
                                    "_type": "_doc",
                                    "_id": "tt0071562",
                                    "_score": 1,
                                    "_source": {
                                        "primary_genre2": [
                                            "organized",
                                            "gangster"
                                        ],
                                        "primary_genre1": "Crime",
                                        "year": 1974,
                                        "directors": [
                                            "Francis Ford Coppola"
                                        ],
                                        "writers": [
                                            "Francis Ford Coppola",
                                            "Mario Puzo",
                                            "Mario Puzo"
                                        ],
                                        "countries": [
                                            "USA"
                                        ],
                                        "type": "movie",
                                        "title": "The Godfather: Part II",
                                        "imdbrating": 9.1,
                                        "rated": "R",
                                        "actors": [
                                            "Al Pacino",
                                            "Robert Duvall",
                                            "Diane Keaton",
                                            "Robert De Niro"
                                        ],
                                        "plot": "The early life and career of Vito Corleone in 1920s New York is portrayed while his son, Michael, expands and tightens his grip on his crime syndicate stretching from Lake Tahoe, Nevada to pre-revolution 1958 Cuba.",
                                        "genres": [
                                            "Crime",
                                            "Drama"
                                        ],
                                        "id": "tt0071562",
                                        "metascore": 80,
                                        "poster": "https:\/\/s3-eu-west-1.amazonaws.com\/imdbimages\/images\/MV5BNDc2NTM3MzU1Nl5BMl5BanBnXkFtZTcwMTA5Mzg3OA@@._V1_SX300.jpg",
                                        "released": "1974-12-20T00:00:00Z"
                                    }
                                },
                                {
                                    "_index": "imdb_movies",
                                    "_type": "_doc",
                                    "_id": "tt0108052",
                                    "_score": 1,
                                    "_source": {
                                        "primary_genre1": "Biography",
                                        "year": 1993,
                                        "directors": [
                                            "Steven Spielberg"
                                        ],
                                        "writers": [
                                            "Thomas Keneally",
                                            "Steven Zaillian"
                                        ],
                                        "countries": [
                                            "USA"
                                        ],
                                        "type": "movie",
                                        "title": "Schindler's List",
                                        "imdbrating": 8.9,
                                        "rated": "R",
                                        "actors": [
                                            "Liam Neeson",
                                            "Ben Kingsley",
                                            "Ralph Fiennes",
                                            "Caroline Goodall"
                                        ],
                                        "plot": "In Poland during World War II, Oskar Schindler gradually becomes concerned for his Jewish workforce after witnessing their persecution by the Nazis.",
                                        "genres": [
                                            "Biography",
                                            "Drama",
                                            "History"
                                        ],
                                        "id": "tt0108052",
                                        "metascore": 93,
                                        "poster": "https:\/\/s3-eu-west-1.amazonaws.com\/imdbimages\/images\/MV5BMzMwMTM4MDU2N15BMl5BanBnXkFtZTgwMzQ0MjMxMDE@._V1_SX300.jpg",
                                        "released": "1993-12-15T00:00:00Z"
                                    }
                                },
                                {
                                    "_index": "imdb_movies",
                                    "_type": "_doc",
                                    "_id": "tt0109830",
                                    "_score": 1,
                                    "_source": {
                                        "primary_genre2": [
                                            "epic"
                                        ],
                                        "primary_genre1": "Drama",
                                        "year": 1994,
                                        "directors": [
                                            "Robert Zemeckis"
                                        ],
                                        "writers": [
                                            "Winston Groom",
                                            "Eric Roth"
                                        ],
                                        "countries": [
                                            "USA"
                                        ],
                                        "type": "movie",
                                        "title": "Forrest Gump",
                                        "imdbrating": 8.8,
                                        "rated": "PG-13",
                                        "actors": [
                                            "Tom Hanks",
                                            "Rebecca Williams",
                                            "Sally Field",
                                            "Michael Conner Humphreys"
                                        ],
                                        "plot": "Forrest Gump, while not intelligent, has accidentally been present at many historic moments, but his true love, Jenny Curran, eludes him.",
                                        "genres": [
                                            "Drama",
                                            "Romance"
                                        ],
                                        "id": "tt0109830",
                                        "metascore": 82,
                                        "poster": "https:\/\/s3-eu-west-1.amazonaws.com\/imdbimages\/images\/MV5BMTQwMTA5MzI1MF5BMl5BanBnXkFtZTcwMzY5Mzg3OA@@._V1_SX300.jpg",
                                        "released": "1994-07-06T00:00:00+01:00"
                                    }
                                },
                                {
                                    "_index": "imdb_movies",
                                    "_type": "_doc",
                                    "_id": "tt0076759",
                                    "_score": 1,
                                    "_source": {
                                        "primary_genre1": "Action",
                                        "year": 1977,
                                        "directors": [
                                            "George Lucas"
                                        ],
                                        "writers": [
                                            "George Lucas"
                                        ],
                                        "countries": [
                                            "USA"
                                        ],
                                        "type": "movie",
                                        "title": "Star Wars: Episode IV - A New Hope",
                                        "imdbrating": 8.8,
                                        "rated": "PG",
                                        "actors": [
                                            "Mark Hamill",
                                            "Harrison Ford",
                                            "Carrie Fisher",
                                            "Peter Cushing"
                                        ],
                                        "plot": "Luke Skywalker joins forces with a Jedi Knight, a cocky pilot, a wookiee and two droids to save the universe from the Empire's world-destroying battle-station, while also attempting to rescue Princess Leia from the evil Darth Vader.",
                                        "genres": [
                                            "Action",
                                            "Adventure",
                                            "Fantasy"
                                        ],
                                        "id": "tt0076759",
                                        "metascore": 91,
                                        "poster": "https:\/\/s3-eu-west-1.amazonaws.com\/imdbimages\/images\/MV5BMTU4NTczODkwM15BMl5BanBnXkFtZTcwMzEyMTIyMw@@._V1_SX300.jpg",
                                        "released": "1977-05-25T00:00:00+01:00"
                                    }
                                },
                                {
                                    "_index": "imdb_movies",
                                    "_type": "_doc",
                                    "_id": "tt0114369",
                                    "_score": 1,
                                    "_source": {
                                        "primary_genre2": [
                                            "scene of the",
                                            "serial killer",
                                            "police procedural"
                                        ],
                                        "primary_genre1": "Crime",
                                        "year": 1995,
                                        "directors": [
                                            "David Fincher"
                                        ],
                                        "writers": [
                                            "Andrew Kevin Walker"
                                        ],
                                        "countries": [
                                            "USA"
                                        ],
                                        "type": "movie",
                                        "title": "Se7en",
                                        "imdbrating": 8.7,
                                        "rated": "R",
                                        "actors": [
                                            "Morgan Freeman",
                                            "Andrew Kevin Walker",
                                            "Daniel Zacapa",
                                            "Brad Pitt"
                                        ],
                                        "plot": "Two detectives, a rookie and a veteran, hunt a serial killer who uses the seven deadly sins as his modus operandi.",
                                        "genres": [
                                            "Crime",
                                            "Mystery",
                                            "Thriller"
                                        ],
                                        "id": "tt0114369",
                                        "metascore": 65,
                                        "poster": "https:\/\/s3-eu-west-1.amazonaws.com\/imdbimages\/images\/MV5BMTQwNTU3MTE4NF5BMl5BanBnXkFtZTcwOTgxNDM2Mg@@._V1_SX300.jpg",
                                        "released": "1995-09-22T00:00:00+01:00"
                                    }
                                },
                                {
                                    "_index": "imdb_movies",
                                    "_type": "_doc",
                                    "_id": "tt0080684",
                                    "_score": 1,
                                    "_source": {
                                        "primary_genre1": "Action",
                                        "year": 1980,
                                        "directors": [
                                            "Irvin Kershner"
                                        ],
                                        "writers": [
                                            "Leigh Brackett",
                                            "Lawrence Kasdan",
                                            "George Lucas"
                                        ],
                                        "countries": [
                                            "USA"
                                        ],
                                        "type": "movie",
                                        "title": "Star Wars: Episode V - The Empire Strikes Back",
                                        "imdbrating": 8.8,
                                        "rated": "PG",
                                        "actors": [
                                            "Mark Hamill",
                                            "Harrison Ford",
                                            "Carrie Fisher",
                                            "Billy Dee Williams"
                                        ],
                                        "plot": "After the rebels have been brutally overpowered by the Empire on their newly established base, Luke Skywalker takes advanced Jedi training with Master Yoda, while his friends are pursued by Darth Vader as part of his plan to capture Luke.",
                                        "genres": [
                                            "Action",
                                            "Adventure",
                                            "Sci-Fi"
                                        ],
                                        "id": "tt0080684",
                                        "metascore": 78,
                                        "poster": "https:\/\/s3-eu-west-1.amazonaws.com\/imdbimages\/images\/MV5BMjE2MzQwMTgxN15BMl5BanBnXkFtZTcwMDQzNjk2OQ@@._V1_SX300.jpg",
                                        "released": "1980-05-21T00:00:00+01:00"
                                    }
                                },
                                {
                                    "_index": "imdb_movies",
                                    "_type": "_doc",
                                    "_id": "tt0099685",
                                    "_score": 1,
                                    "_source": {
                                        "primary_genre1": "Biography",
                                        "year": 1990,
                                        "directors": [
                                            "Martin Scorsese"
                                        ],
                                        "writers": [
                                            "Nicholas Pileggi",
                                            "Nicholas Pileggi",
                                            "Martin Scorsese"
                                        ],
                                        "countries": [
                                            "USA"
                                        ],
                                        "type": "movie",
                                        "title": "Goodfellas",
                                        "imdbrating": 8.8,
                                        "rated": "R",
                                        "actors": [
                                            "Robert De Niro",
                                            "Ray Liotta",
                                            "Joe Pesci",
                                            "Lorraine Bracco"
                                        ],
                                        "plot": "Henry Hill and his friends work their way up through the mob hierarchy.",
                                        "genres": [
                                            "Biography",
                                            "Crime",
                                            "Drama"
                                        ],
                                        "id": "tt0099685",
                                        "metascore": 89,
                                        "poster": "https:\/\/s3-eu-west-1.amazonaws.com\/imdbimages\/images\/MV5BMTY2OTE5MzQ3MV5BMl5BanBnXkFtZTgwMTY2NTYxMTE@._V1_SX300.jpg",
                                        "released": "1990-09-19T00:00:00+01:00"
                                    }
                                }
                            ]
                        }
                    }
                }
            ]
        }
    }
}
