{
    "data": {
        "results": {
            "summary": {
                "total": 646
            },
            "hits": {
                "items": [
                    {
                        "id": "tt0468569",
                        "fields": {
                            "released": "2008-07-18T00:00:00+01:00",
                            "title": "The Dark Knight"
                        }
                    },
                    {
                        "id": "tt0944947",
                        "fields": {
                            "released": "2011-04-17T00:00:00+01:00",
                            "title": "Game of Thrones"
                        }
                    },
                    {
                        "id": "tt0137523",
                        "fields": {
                            "released": "1999-10-15T00:00:00+01:00",
                            "title": "Fight Club"
                        }
                    },
                    {
                        "id": "tt0167260",
                        "fields": {
                            "released": "2003-12-17T00:00:00Z",
                            "title": "The Lord of the Rings: The Return of the King"
                        }
                    },
                    {
                        "id": "tt1375666",
                        "fields": {
                            "released": "2010-07-16T00:00:00+01:00",
                            "title": "Inception"
                        }
                    },
                    {
                        "id": "tt0120737",
                        "fields": {
                            "released": "2001-12-19T00:00:00Z",
                            "title": "The Lord of the Rings: The Fellowship of the Ring"
                        }
                    },
                    {
                        "id": "tt0133093",
                        "fields": {
                            "released": "1999-03-31T00:00:00+01:00",
                            "title": "The Matrix"
                        }
                    },
                    {
                        "id": "tt0903747",
                        "fields": {
                            "released": "2008-01-20T00:00:00Z",
                            "title": "Breaking Bad"
                        }
                    },
                    {
                        "id": "tt0167261",
                        "fields": {
                            "released": "2002-12-18T00:00:00Z",
                            "title": "The Lord of the Rings: The Two Towers"
                        }
                    },
                    {
                        "id": "tt1345836",
                        "fields": {
                            "released": "2012-07-20T00:00:00+01:00",
                            "title": "The Dark Knight Rises"
                        }
                    }
                ]
            }
        }
    },
    "extensions": {
        "searchlight_inspection": {
            "version": 1,
            "took": 1,
            "trips": [
                {
                    "query": {
                        "size": 10,
                        "from": 0,
                        "sort": [
                            {
                                "_score": "desc"
                            }
                        ],
                        "_source": {
                            "includes": [
                                "type",
                                "title",
                                "year",
                                "rated",
                                "released",
                                "genres",
                                "directors",
                                "writers",
                                "actors",
                                "countries",
                                "plot",
                                "poster",
                                "id",
                                "metascore",
                                "imdbrating",
                                "primary_genre1",
                                "primary_genre2",
                                "primary_genre3"
                            ]
                        },
                        "highlight": {
                            "fields": {
                                "title": [],
                                "genres": [],
                                "directors": [],
                                "writers": [],
                                "actors": [],
                                "countries": [],
                                "plot": []
                            }
                        },
                        "query": {
                            "bool": {
                                "filter": []
                            }
                        },
                        "post_filter": {
                            "bool": {
                                "must": [
                                    {
                                        "range": {
                                            "released": {
                                                "gte": "1996-01-01T00:00:00+00:00"
                                            }
                                        }
                                    }
                                ]
                            }
                        }
                    },
                    "response": {
                        "took": 1,
                        "timed_out": false,
                        "_shards": {
                            "total": 1,
                            "successful": 1,
                            "skipped": 0,
                            "failed": 0
                        },
                        "hits": {
                            "total": {
                                "value": 646,
                                "relation": "eq"
                            },
                            "max_score": 1,
                            "hits": [
                                {
                                    "_index": "imdb_movies",
                                    "_type": "_doc",
                                    "_id": "tt0468569",
                                    "_score": 1,
                                    "_source": {
                                        "primary_genre2": [
                                            "superhero"
                                        ],
                                        "primary_genre1": "Action",
                                        "year": 2008,
                                        "directors": [
                                            "Christopher Nolan"
                                        ],
                                        "writers": [
                                            "Jonathan Nolan",
                                            "Christopher Nolan",
                                            "Christopher Nolan",
                                            "David S. Goyer",
                                            "Bob Kane"
                                        ],
                                        "countries": [
                                            "USA",
                                            "UK"
                                        ],
                                        "type": "movie",
                                        "title": "The Dark Knight",
                                        "imdbrating": 9,
                                        "rated": "PG-13",
                                        "actors": [
                                            "Christian Bale",
                                            "Heath Ledger",
                                            "Aaron Eckhart",
                                            "Michael Caine"
                                        ],
                                        "plot": "When Batman, Gordon and Harvey Dent launch an assault on the mob, they let the clown out of the box, the Joker, bent on turning Gotham on itself and bringing any heroes down to his level.",
                                        "genres": [
                                            "Action",
                                            "Crime",
                                            "Drama"
                                        ],
                                        "id": "tt0468569",
                                        "metascore": 82,
                                        "poster": "https:\/\/s3-eu-west-1.amazonaws.com\/imdbimages\/images\/MV5BMTMxNTMwODM0NF5BMl5BanBnXkFtZTcwODAyMTk2Mw@@._V1_SX300.jpg",
                                        "released": "2008-07-18T00:00:00+01:00"
                                    }
                                },
                                {
                                    "_index": "imdb_movies",
                                    "_type": "_doc",
                                    "_id": "tt0944947",
                                    "_score": 1,
                                    "_source": {
                                        "primary_genre2": [
                                            "snow"
                                        ],
                                        "primary_genre1": "Adventure",
                                        "year": 2011,
                                        "directors": [],
                                        "writers": [
                                            "David Benioff",
                                            "D.B. Weiss"
                                        ],
                                        "countries": [
                                            "USA",
                                            "UK"
                                        ],
                                        "type": "series",
                                        "title": "Game of Thrones",
                                        "imdbrating": 9.5,
                                        "rated": "TV-MA",
                                        "actors": [
                                            "Peter Dinklage",
                                            "Lena Headey",
                                            "Maisie Williams",
                                            "Emilia Clarke"
                                        ],
                                        "plot": "Seven noble families fight for control of the mythical land of Westeros.",
                                        "genres": [
                                            "Adventure",
                                            "Drama",
                                            "Fantasy"
                                        ],
                                        "id": "tt0944947",
                                        "poster": "https:\/\/s3-eu-west-1.amazonaws.com\/imdbimages\/images\/MV5BNTA5NzY4MTM0N15BMl5BanBnXkFtZTcwMTA0MDkxOQ@@._V1_SX300.jpg",
                                        "released": "2011-04-17T00:00:00+01:00"
                                    }
                                },
                                {
                                    "_index": "imdb_movies",
                                    "_type": "_doc",
                                    "_id": "tt0137523",
                                    "_score": 1,
                                    "_source": {
                                        "primary_genre2": [
                                            "psychological"
                                        ],
                                        "primary_genre1": "Drama",
                                        "year": 1999,
                                        "directors": [
                                            "David Fincher"
                                        ],
                                        "writers": [
                                            "Chuck Palahniuk",
                                            "Jim Uhls"
                                        ],
                                        "countries": [
                                            "USA",
                                            "Germany"
                                        ],
                                        "type": "movie",
                                        "title": "Fight Club",
                                        "imdbrating": 8.9,
                                        "rated": "R",
                                        "actors": [
                                            "Edward Norton",
                                            "Brad Pitt",
                                            "Helena Bonham Carter",
                                            "Meat Loaf"
                                        ],
                                        "plot": "An insomniac office worker looking for a way to change his life crosses paths with a devil-may-care soap maker and they form an underground fight club that evolves into something much, much more...",
                                        "genres": [
                                            "Drama"
                                        ],
                                        "id": "tt0137523",
                                        "metascore": 66,
                                        "poster": "https:\/\/s3-eu-west-1.amazonaws.com\/imdbimages\/images\/MV5BMjIwNTYzMzE1M15BMl5BanBnXkFtZTcwOTE5Mzg3OA@@._V1_SX300.jpg",
                                        "released": "1999-10-15T00:00:00+01:00"
                                    }
                                },
                                {
                                    "_index": "imdb_movies",
                                    "_type": "_doc",
                                    "_id": "tt0167260",
                                    "_score": 1,
                                    "_source": {
                                        "primary_genre2": [
                                            "epic"
                                        ],
                                        "primary_genre1": "Action",
                                        "year": 2003,
                                        "directors": [
                                            "Peter Jackson"
                                        ],
                                        "writers": [
                                            "J.R.R. Tolkien",
                                            "Fran Walsh",
                                            "Philippa Boyens",
                                            "Peter Jackson"
                                        ],
                                        "countries": [
                                            "USA",
                                            "New Zealand"
                                        ],
                                        "type": "movie",
                                        "title": "The Lord of the Rings: The Return of the King",
                                        "imdbrating": 8.9,
                                        "rated": "PG-13",
                                        "actors": [
                                            "Noel Appleby",
                                            "Alexandra Astin",
                                            "Sean Astin",
                                            "David Aston"
                                        ],
                                        "plot": "Gandalf and Aragorn lead the World of Men against Sauron's army to draw his gaze from Frodo and Sam as they approach Mount Doom with the One Ring.",
                                        "genres": [
                                            "Action",
                                            "Adventure",
                                            "Fantasy"
                                        ],
                                        "id": "tt0167260",
                                        "metascore": 94,
                                        "poster": "https:\/\/s3-eu-west-1.amazonaws.com\/imdbimages\/images\/MV5BMjE4MjA1NTAyMV5BMl5BanBnXkFtZTcwNzM1NDQyMQ@@._V1_SX300.jpg",
                                        "released": "2003-12-17T00:00:00Z"
                                    }
                                },
                                {
                                    "_index": "imdb_movies",
                                    "_type": "_doc",
                                    "_id": "tt1375666",
                                    "_score": 1,
                                    "_source": {
                                        "primary_genre2": [
                                            "epic"
                                        ],
                                        "primary_genre1": "Action",
                                        "year": 2010,
                                        "directors": [
                                            "Christopher Nolan"
                                        ],
                                        "writers": [
                                            "Christopher Nolan"
                                        ],
                                        "countries": [
                                            "USA",
                                            "UK"
                                        ],
                                        "type": "movie",
                                        "title": "Inception",
                                        "imdbrating": 8.8,
                                        "rated": "PG-13",
                                        "actors": [
                                            "Leonardo DiCaprio",
                                            "Joseph Gordon-Levitt",
                                            "Ellen Page",
                                            "Tom Hardy"
                                        ],
                                        "plot": "A skilled extractor is offered a chance to regain his old life as payment for a task considered to be impossible.",
                                        "genres": [
                                            "Action",
                                            "Adventure",
                                            "Mystery"
                                        ],
                                        "id": "tt1375666",
                                        "metascore": 74,
                                        "poster": "https:\/\/s3-eu-west-1.amazonaws.com\/imdbimages\/images\/MV5BMjAxMzY3NjcxNF5BMl5BanBnXkFtZTcwNTI5OTM0Mw@@._V1_SX300.jpg",
                                        "released": "2010-07-16T00:00:00+01:00"
                                    }
                                },
                                {
                                    "_index": "imdb_movies",
                                    "_type": "_doc",
                                    "_id": "tt0120737",
                                    "_score": 1,
                                    "_source": {
                                        "primary_genre1": "Action",
                                        "year": 2001,
                                        "directors": [
                                            "Peter Jackson"
                                        ],
                                        "writers": [
                                            "J.R.R. Tolkien",
                                            "Fran Walsh",
                                            "Philippa Boyens",
                                            "Peter Jackson"
                                        ],
                                        "countries": [
                                            "New Zealand",
                                            "USA"
                                        ],
                                        "type": "movie",
                                        "title": "The Lord of the Rings: The Fellowship of the Ring",
                                        "imdbrating": 8.9,
                                        "rated": "PG-13",
                                        "actors": [
                                            "Alan Howard",
                                            "Elijah Wood",
                                            "Noel Appleby",
                                            "Sean Astin"
                                        ],
                                        "plot": "A meek hobbit of The Shire and eight companions set out on a journey to Mount Doom to destroy the One Ring and the dark lord Sauron.",
                                        "genres": [
                                            "Action",
                                            "Adventure",
                                            "Fantasy"
                                        ],
                                        "id": "tt0120737",
                                        "metascore": 92,
                                        "poster": "https:\/\/s3-eu-west-1.amazonaws.com\/imdbimages\/images\/MV5BNTEyMjAwMDU1OV5BMl5BanBnXkFtZTcwNDQyNTkxMw@@._V1_SX300.jpg",
                                        "released": "2001-12-19T00:00:00Z"
                                    }
                                },
                                {
                                    "_index": "imdb_movies",
                                    "_type": "_doc",
                                    "_id": "tt0133093",
                                    "_score": 1,
                                    "_source": {
                                        "primary_genre2": [
                                            "martial arts"
                                        ],
                                        "primary_genre1": "Action",
                                        "year": 1999,
                                        "directors": [
                                            "Andy Wachowski",
                                            "Lana Wachowski"
                                        ],
                                        "writers": [
                                            "Andy Wachowski",
                                            "Lana Wachowski"
                                        ],
                                        "countries": [
                                            "USA",
                                            "Australia"
                                        ],
                                        "type": "movie",
                                        "title": "The Matrix",
                                        "imdbrating": 8.7,
                                        "rated": "R",
                                        "actors": [
                                            "Keanu Reeves",
                                            "Laurence Fishburne",
                                            "Carrie-Anne Moss",
                                            "Hugo Weaving"
                                        ],
                                        "plot": "A computer hacker learns from mysterious rebels about the true nature of his reality and his role in the war against its controllers.",
                                        "genres": [
                                            "Action",
                                            "Adventure",
                                            "Sci-Fi"
                                        ],
                                        "id": "tt0133093",
                                        "metascore": 73,
                                        "poster": "https:\/\/s3-eu-west-1.amazonaws.com\/imdbimages\/images\/MV5BMTkxNDYxOTA4M15BMl5BanBnXkFtZTgwNTk0NzQxMTE@._V1_SX300.jpg",
                                        "released": "1999-03-31T00:00:00+01:00"
                                    }
                                },
                                {
                                    "_index": "imdb_movies",
                                    "_type": "_doc",
                                    "_id": "tt0903747",
                                    "_score": 1,
                                    "_source": {
                                        "primary_genre2": [
                                            "organized",
                                            "drug"
                                        ],
                                        "primary_genre1": "Crime",
                                        "year": 2008,
                                        "directors": [],
                                        "writers": [
                                            "Vince Gilligan"
                                        ],
                                        "countries": [
                                            "USA"
                                        ],
                                        "type": "series",
                                        "title": "Breaking Bad",
                                        "imdbrating": 9.6,
                                        "rated": "TV-14",
                                        "actors": [
                                            "Bryan Cranston",
                                            "Anna Gunn",
                                            "Aaron Paul",
                                            "Dean Norris"
                                        ],
                                        "plot": "To provide for his family's future after he is diagnosed with lung cancer, a chemistry genius turned high school teacher teams up with an ex-student to cook and sell the world's purest crystal meth.",
                                        "genres": [
                                            "Crime",
                                            "Drama",
                                            "Thriller"
                                        ],
                                        "id": "tt0903747",
                                        "poster": "https:\/\/s3-eu-west-1.amazonaws.com\/imdbimages\/images\/MV5BMTU2MTgzMzQxNV5BMl5BanBnXkFtZTcwODg4NTQ3OQ@@._V1_SX300.jpg",
                                        "released": "2008-01-20T00:00:00Z"
                                    }
                                },
                                {
                                    "_index": "imdb_movies",
                                    "_type": "_doc",
                                    "_id": "tt0167261",
                                    "_score": 1,
                                    "_source": {
                                        "primary_genre2": [
                                            "epic"
                                        ],
                                        "primary_genre1": "Action",
                                        "year": 2002,
                                        "directors": [
                                            "Peter Jackson"
                                        ],
                                        "writers": [
                                            "J.R.R. Tolkien",
                                            "Fran Walsh",
                                            "Philippa Boyens",
                                            "Stephen Sinclair",
                                            "Peter Jackson"
                                        ],
                                        "countries": [
                                            "USA",
                                            "New Zealand"
                                        ],
                                        "type": "movie",
                                        "title": "The Lord of the Rings: The Two Towers",
                                        "imdbrating": 8.8,
                                        "rated": "PG-13",
                                        "actors": [
                                            "Bruce Allpress",
                                            "Sean Astin",
                                            "John Bach",
                                            "Sala Baker"
                                        ],
                                        "plot": "While Frodo and Sam edge closer to Mordor with the help of the shifty Gollum, the divided fellowship makes a stand against Sauron's new ally, Saruman, and his hordes of Isengard.",
                                        "genres": [
                                            "Action",
                                            "Adventure",
                                            "Fantasy"
                                        ],
                                        "id": "tt0167261",
                                        "metascore": 88,
                                        "poster": "https:\/\/s3-eu-west-1.amazonaws.com\/imdbimages\/images\/MV5BMTAyNDU0NjY4NTheQTJeQWpwZ15BbWU2MDk4MTY2Nw@@._V1_SX300.jpg",
                                        "released": "2002-12-18T00:00:00Z"
                                    }
                                },
                                {
                                    "_index": "imdb_movies",
                                    "_type": "_doc",
                                    "_id": "tt1345836",
                                    "_score": 1,
                                    "_source": {
                                        "primary_genre2": [
                                            "superhero"
                                        ],
                                        "primary_genre1": "Action",
                                        "year": 2012,
                                        "directors": [
                                            "Christopher Nolan"
                                        ],
                                        "writers": [
                                            "Jonathan Nolan",
                                            "Christopher Nolan",
                                            "Christopher Nolan",
                                            "David S. Goyer",
                                            "Bob Kane"
                                        ],
                                        "countries": [
                                            "USA",
                                            "UK"
                                        ],
                                        "type": "movie",
                                        "title": "The Dark Knight Rises",
                                        "imdbrating": 8.6,
                                        "rated": "PG-13",
                                        "actors": [
                                            "Christian Bale",
                                            "Gary Oldman",
                                            "Tom Hardy",
                                            "Joseph Gordon-Levitt"
                                        ],
                                        "plot": "Eight years on, a new evil rises from where the Batman and Commissioner Gordon tried to bury it, causing the Batman to resurface and fight to protect Gotham City... the very city which brands him an enemy.",
                                        "genres": [
                                            "Action",
                                            "Crime",
                                            "Thriller"
                                        ],
                                        "id": "tt1345836",
                                        "metascore": 78,
                                        "poster": "https:\/\/s3-eu-west-1.amazonaws.com\/imdbimages\/images\/MV5BMTk4ODQzNDY3Ml5BMl5BanBnXkFtZTcwODA0NTM4Nw@@._V1_SX300.jpg",
                                        "released": "2012-07-20T00:00:00+01:00"
                                    }
                                }
                            ]
                        }
                    }
                }
            ]
        }
    }
}
