{
    "data": {
        "results": {
            "summary": {
                "query": "",
                "appliedFilters": [
                    {
                        "id": "type_movie",
                        "identifier": "type",
                        "display": "ListFacet",
                        "label": "Type",
                        "value": "movie"
                    },
                    {
                        "id": "countries_UK",
                        "identifier": "countries",
                        "display": "ListFacet",
                        "label": "Country",
                        "value": "UK"
                    }
                ]
            }
        }
    },
    "extensions": {
        "searchlight_inspection": {
            "version": 1,
            "took": 0,
            "trips": [
                {
                    "query": {
                        "size": 0,
                        "from": 0,
                        "_source": {
                            "includes": [
                                "type",
                                "title",
                                "year",
                                "rated",
                                "released",
                                "genres",
                                "directors",
                                "writers",
                                "actors",
                                "countries",
                                "plot",
                                "poster",
                                "id",
                                "metascore",
                                "imdbrating",
                                "primary_genre1",
                                "primary_genre2",
                                "primary_genre3"
                            ]
                        },
                        "highlight": {
                            "fields": {
                                "title": [],
                                "genres": [],
                                "directors": [],
                                "writers": [],
                                "actors": [],
                                "countries": [],
                                "plot": []
                            }
                        },
                        "query": {
                            "bool": {
                                "filter": []
                            }
                        },
                        "post_filter": {
                            "bool": {
                                "must": [
                                    {
                                        "bool": {
                                            "should": [
                                                {
                                                    "term": {
                                                        "type": "movie"
                                                    }
                                                }
                                            ]
                                        }
                                    },
                                    {
                                        "bool": {
                                            "must": [
                                                {
                                                    "term": {
                                                        "countries.keyword": "UK"
                                                    }
                                                }
                                            ]
                                        }
                                    }
                                ]
                            }
                        }
                    },
                    "response": {
                        "took": 0,
                        "timed_out": false,
                        "_shards": {
                            "total": 1,
                            "successful": 1,
                            "skipped": 0,
                            "failed": 0
                        },
                        "hits": {
                            "total": {
                                "value": 149,
                                "relation": "eq"
                            },
                            "max_score": null,
                            "hits": []
                        }
                    }
                }
            ]
        }
    }
}
