{
    "data": {
        "results": {
            "facet": {
                "identifier": "actors",
                "label": "Actor",
                "type": "RefinementSelectFacet",
                "display": "ListFacet",
                "entries": [
                    {
                        "label": "Al Gore",
                        "count": 1
                    },
                    {
                        "label": "Al Pacino",
                        "count": 14
                    },
                    {
                        "label": "Alain Prost",
                        "count": 1
                    },
                    {
                        "label": "Alakina Mann",
                        "count": 1
                    },
                    {
                        "label": "Alan Alda",
                        "count": 1
                    },
                    {
                        "label": "Alan Arkin",
                        "count": 3
                    },
                    {
                        "label": "Alan Howard",
                        "count": 1
                    },
                    {
                        "label": "Alan Rickman",
                        "count": 2
                    },
                    {
                        "label": "Alan Ruck",
                        "count": 1
                    },
                    {
                        "label": "Alan Tudyk",
                        "count": 4
                    },
                    {
                        "label": "Alastair MacIntosh",
                        "count": 1
                    },
                    {
                        "label": "Albert Brooks",
                        "count": 2
                    },
                    {
                        "label": "Albert Finney",
                        "count": 2
                    },
                    {
                        "label": "Albert R\u00e9my",
                        "count": 1
                    },
                    {
                        "label": "Aldo Giuffr\u00e8",
                        "count": 1
                    },
                    {
                        "label": "Aldo Silvani",
                        "count": 1
                    },
                    {
                        "label": "Alec Baldwin",
                        "count": 3
                    },
                    {
                        "label": "Alec Cawthorne",
                        "count": 1
                    },
                    {
                        "label": "Alec Guinness",
                        "count": 2
                    },
                    {
                        "label": "Aleksandar Mikic",
                        "count": 1
                    }
                ]
            }
        }
    },
    "extensions": {
        "searchlight_inspection": {
            "version": 1,
            "took": 1,
            "trips": [
                {
                    "query": {
                        "size": 0,
                        "from": 0,
                        "_source": {
                            "includes": [
                                "type",
                                "title",
                                "year",
                                "rated",
                                "released",
                                "genres",
                                "directors",
                                "writers",
                                "actors",
                                "countries",
                                "plot",
                                "poster",
                                "id",
                                "metascore",
                                "imdbrating",
                                "primary_genre1",
                                "primary_genre2",
                                "primary_genre3"
                            ]
                        },
                        "highlight": {
                            "fields": {
                                "title": [],
                                "genres": [],
                                "directors": [],
                                "writers": [],
                                "actors": [],
                                "countries": [],
                                "plot": []
                            }
                        },
                        "aggs": {
                            "facet_bucket_all": {
                                "aggs": {
                                    "actors": {
                                        "terms": {
                                            "field": "actors.keyword",
                                            "size": 20,
                                            "order": {
                                                "_key": "asc"
                                            },
                                            "include": "([a-zA-Z]+ )+?[aA][lL].*"
                                        }
                                    }
                                },
                                "filter": {
                                    "bool": {
                                        "must": []
                                    }
                                }
                            }
                        },
                        "query": {
                            "bool": {
                                "filter": []
                            }
                        }
                    },
                    "response": {
                        "took": 1,
                        "timed_out": false,
                        "_shards": {
                            "total": 1,
                            "successful": 1,
                            "skipped": 0,
                            "failed": 0
                        },
                        "hits": {
                            "total": {
                                "value": 1000,
                                "relation": "eq"
                            },
                            "max_score": null,
                            "hits": []
                        },
                        "aggregations": {
                            "facet_bucket_all": {
                                "meta": [],
                                "doc_count": 1000,
                                "actors": {
                                    "doc_count_error_upper_bound": 0,
                                    "sum_other_doc_count": 71,
                                    "buckets": [
                                        {
                                            "key": "Al Gore",
                                            "doc_count": 1
                                        },
                                        {
                                            "key": "Al Pacino",
                                            "doc_count": 14
                                        },
                                        {
                                            "key": "Alain Prost",
                                            "doc_count": 1
                                        },
                                        {
                                            "key": "Alakina Mann",
                                            "doc_count": 1
                                        },
                                        {
                                            "key": "Alan Alda",
                                            "doc_count": 1
                                        },
                                        {
                                            "key": "Alan Arkin",
                                            "doc_count": 3
                                        },
                                        {
                                            "key": "Alan Howard",
                                            "doc_count": 1
                                        },
                                        {
                                            "key": "Alan Rickman",
                                            "doc_count": 2
                                        },
                                        {
                                            "key": "Alan Ruck",
                                            "doc_count": 1
                                        },
                                        {
                                            "key": "Alan Tudyk",
                                            "doc_count": 4
                                        },
                                        {
                                            "key": "Alastair MacIntosh",
                                            "doc_count": 1
                                        },
                                        {
                                            "key": "Albert Brooks",
                                            "doc_count": 2
                                        },
                                        {
                                            "key": "Albert Finney",
                                            "doc_count": 2
                                        },
                                        {
                                            "key": "Albert R\u00e9my",
                                            "doc_count": 1
                                        },
                                        {
                                            "key": "Aldo Giuffr\u00e8",
                                            "doc_count": 1
                                        },
                                        {
                                            "key": "Aldo Silvani",
                                            "doc_count": 1
                                        },
                                        {
                                            "key": "Alec Baldwin",
                                            "doc_count": 3
                                        },
                                        {
                                            "key": "Alec Cawthorne",
                                            "doc_count": 1
                                        },
                                        {
                                            "key": "Alec Guinness",
                                            "doc_count": 2
                                        },
                                        {
                                            "key": "Aleksandar Mikic",
                                            "doc_count": 1
                                        }
                                    ]
                                }
                            }
                        }
                    }
                }
            ]
        }
    }
}
