{
    "data": {
        "results": {
            "summary": {
                "query": "",
                "appliedFilters": [
                    {
                        "id": "type_game",
                        "identifier": "type",
                        "display": "ListFacet",
                        "label": "Type",
                        "value": "game"
                    }
                ]
            },
            "hits": {
                "items": [
                    {
                        "id": "tt0383385",
                        "fields": {
                            "type": "game",
                            "title": "Grand Theft Auto: San Andreas"
                        }
                    },
                    {
                        "id": "tt0802999",
                        "fields": {
                            "type": "game",
                            "title": "Grand Theft Auto IV"
                        }
                    },
                    {
                        "id": "tt1568322",
                        "fields": {
                            "type": "game",
                            "title": "Batman: Arkham City"
                        }
                    },
                    {
                        "id": "tt1540125",
                        "fields": {
                            "type": "game",
                            "title": "Mass Effect 2"
                        }
                    },
                    {
                        "id": "tt1282022",
                        "fields": {
                            "type": "game",
                            "title": "Batman: Arkham Asylum"
                        }
                    },
                    {
                        "id": "tt0374692",
                        "fields": {
                            "type": "game",
                            "title": "Half-Life 2"
                        }
                    },
                    {
                        "id": "tt0314123",
                        "fields": {
                            "type": "game",
                            "title": "Grand Theft Auto: Vice City"
                        }
                    },
                    {
                        "id": "tt1814884",
                        "fields": {
                            "type": "game",
                            "title": "The Elder Scrolls V: Skyrim"
                        }
                    },
                    {
                        "id": "tt1125798",
                        "fields": {
                            "type": "game",
                            "title": "Call of Duty 4: Modern Warfare"
                        }
                    },
                    {
                        "id": "tt1073668",
                        "fields": {
                            "type": "game",
                            "title": "Mass Effect"
                        }
                    }
                ]
            }
        }
    },
    "extensions": {
        "searchlight_inspection": {
            "version": 1,
            "trips": [
                {
                    "query": {
                        "size": 10,
                        "from": 0,
                        "sort": [
                            {
                                "_score": "desc"
                            }
                        ],
                        "_source": {
                            "includes": [
                                "type",
                                "title",
                                "year",
                                "rated",
                                "released",
                                "genres",
                                "directors",
                                "writers",
                                "actors",
                                "countries",
                                "plot",
                                "poster",
                                "id",
                                "metascore"
                            ]
                        },
                        "highlight": {
                            "fields": {
                                "name": [],
                                "description": [],
                                "category": [],
                                "kind": []
                            }
                        },
                        "query": {
                            "bool": {
                                "filter": []
                            }
                        },
                        "post_filter": {
                            "bool": {
                                "must": [
                                    {
                                        "bool": {
                                            "should": [
                                                {
                                                    "term": {
                                                        "type": "game"
                                                    }
                                                }
                                            ]
                                        }
                                    }
                                ]
                            }
                        }
                    },
                    "response": {
                        "timed_out": false,
                        "_shards": {
                            "total": 1,
                            "successful": 1,
                            "skipped": 0,
                            "failed": 0
                        },
                        "hits": {
                            "total": {
                                "value": 11,
                                "relation": "eq"
                            },
                            "max_score": 1,
                            "hits": [
                                {
                                    "_index": "imdb_movies",
                                    "_type": "_doc",
                                    "_id": "tt0383385",
                                    "_score": 1,
                                    "_source": {
                                        "year": 2004,
                                        "directors": [
                                            "Dan Houser",
                                            "Navid Khonsari"
                                        ],
                                        "writers": [
                                            "Dan Houser",
                                            "James Worrall",
                                            "DJ Pooh",
                                            "Dan Houser"
                                        ],
                                        "countries": [
                                            "UK",
                                            "USA"
                                        ],
                                        "type": "game",
                                        "title": "Grand Theft Auto: San Andreas",
                                        "rated": null,
                                        "actors": [
                                            "Young Maylay",
                                            "Faizon Love",
                                            "Yolanda Whittaker",
                                            "Clifton Powell"
                                        ],
                                        "plot": "A family tragedy prompts a man to return home, only to find it overrun by crime and corruption, which he must regain control of the streets before it gets even worse.",
                                        "genres": [
                                            "Action",
                                            "Adventure",
                                            "Comedy"
                                        ],
                                        "id": "tt0383385",
                                        "poster": "https:\/\/s3-eu-west-1.amazonaws.com\/imdbimages\/images\/MV5BMTcyMDc2NDE4OV5BMl5BanBnXkFtZTcwNTg5NTcyMQ@@._V1_SX300.jpg",
                                        "released": "2004-10-26T00:00:00+01:00"
                                    }
                                },
                                {
                                    "_index": "imdb_movies",
                                    "_type": "_doc",
                                    "_id": "tt0802999",
                                    "_score": 1,
                                    "_source": {
                                        "year": 2008,
                                        "directors": [
                                            "Rod Edge",
                                            "John Zurhellen"
                                        ],
                                        "writers": [
                                            "Dan Houser",
                                            "Rupert Humphries",
                                            "John Zurhellen"
                                        ],
                                        "countries": [
                                            "UK",
                                            "USA"
                                        ],
                                        "type": "game",
                                        "title": "Grand Theft Auto IV",
                                        "rated": null,
                                        "actors": [
                                            "Michael Hollick",
                                            "Jason Zumwalt",
                                            "Timothy Adams",
                                            "Moti Margolin"
                                        ],
                                        "plot": "Niko Bellic comes to Liberty City, America to live the good life, but ends up having to assist his dangerously indebted cousin Roman with his financial troubles, by any  means necessary.",
                                        "genres": [
                                            "Action",
                                            "Comedy",
                                            "Crime"
                                        ],
                                        "id": "tt0802999",
                                        "poster": "https:\/\/s3-eu-west-1.amazonaws.com\/imdbimages\/images\/MV5BMTY4OTY0ODE1OF5BMl5BanBnXkFtZTcwMDY0MjAxNA@@._V1_SX300.jpg",
                                        "released": "2008-04-29T00:00:00+01:00"
                                    }
                                },
                                {
                                    "_index": "imdb_movies",
                                    "_type": "_doc",
                                    "_id": "tt1568322",
                                    "_score": 1,
                                    "_source": {
                                        "year": 2011,
                                        "directors": [
                                            "Sefton Hill"
                                        ],
                                        "writers": [
                                            "Bob Kane",
                                            "Paul Dini",
                                            "Paul Crocker",
                                            "Sefton Hill"
                                        ],
                                        "countries": [
                                            "USA"
                                        ],
                                        "type": "game",
                                        "title": "Batman: Arkham City",
                                        "rated": null,
                                        "actors": [
                                            "Kevin Conroy",
                                            "Grey DeLisle",
                                            "Troy Baker",
                                            "Kimberly Brooks"
                                        ],
                                        "plot": "When part of Gotham is turned into a private reserve for criminals, all hell is sure to break loose, and the Dark Knight is the only one who can stop it.",
                                        "genres": [
                                            "Action",
                                            "Crime",
                                            "Fantasy"
                                        ],
                                        "id": "tt1568322",
                                        "poster": "https:\/\/s3-eu-west-1.amazonaws.com\/imdbimages\/images\/MV5BNDE4NzIwNzA0OF5BMl5BanBnXkFtZTcwMzk4MzU5Ng@@._V1_SX300.jpg",
                                        "released": "2011-10-18T00:00:00+01:00"
                                    }
                                },
                                {
                                    "_index": "imdb_movies",
                                    "_type": "_doc",
                                    "_id": "tt1540125",
                                    "_score": 1,
                                    "_source": {
                                        "year": 2010,
                                        "directors": [
                                            "Casey Hudson"
                                        ],
                                        "writers": [
                                            "Chris Hepler",
                                            "Drew Karpyshyn",
                                            "Brian Kindregan",
                                            "Lukas Kristjanson",
                                            "Chris L'Etoile",
                                            "Cathleen Rootsaert",
                                            "Patrick Weekes"
                                        ],
                                        "countries": [
                                            "USA",
                                            "Canada"
                                        ],
                                        "type": "game",
                                        "title": "Mass Effect 2",
                                        "rated": null,
                                        "actors": [
                                            "Shohreh Aghdashloo",
                                            "Maggie Baird",
                                            "Adam Baldwin",
                                            "Michael Beattie"
                                        ],
                                        "plot": "After being revived from death and having to join a pro-human organization without a choice, Commander Shepard must assemble a team, battle a new threat, and make tough choices in order to save the galaxy from total annihilation once more.",
                                        "genres": [
                                            "Action",
                                            "Adventure",
                                            "Sci-Fi"
                                        ],
                                        "id": "tt1540125",
                                        "poster": "https:\/\/s3-eu-west-1.amazonaws.com\/imdbimages\/images\/MV5BMjE4MTQwMjM1N15BMl5BanBnXkFtZTcwNjMzNjc2Mw@@._V1_SX300.jpg",
                                        "released": "2010-01-26T00:00:00Z"
                                    }
                                },
                                {
                                    "_index": "imdb_movies",
                                    "_type": "_doc",
                                    "_id": "tt1282022",
                                    "_score": 1,
                                    "_source": {
                                        "year": 2009,
                                        "directors": [
                                            "Sefton Hill",
                                            "Paul Boulden",
                                            "Jamie Walker"
                                        ],
                                        "writers": [
                                            "Bob Kane"
                                        ],
                                        "countries": [
                                            "USA"
                                        ],
                                        "type": "game",
                                        "title": "Batman: Arkham Asylum",
                                        "rated": null,
                                        "actors": [
                                            "Kevin Conroy",
                                            "Kimberly Brooks",
                                            "Tom Kane",
                                            "Mark Hamill"
                                        ],
                                        "plot": "You control Batman as he fights to subdue The Joker and his fellows when they seize control of the forensic mental hospital.",
                                        "genres": [
                                            "Action",
                                            "Crime",
                                            "Fantasy"
                                        ],
                                        "id": "tt1282022",
                                        "poster": "https:\/\/s3-eu-west-1.amazonaws.com\/imdbimages\/images\/MV5BMTUyMzMzMTU0MF5BMl5BanBnXkFtZTcwNDM3MTcxMw@@._V1_SX300.jpg",
                                        "released": "2009-08-25T00:00:00+01:00"
                                    }
                                },
                                {
                                    "_index": "imdb_movies",
                                    "_type": "_doc",
                                    "_id": "tt0374692",
                                    "_score": 1,
                                    "_source": {
                                        "year": 2004,
                                        "directors": [
                                            "David Speyrer"
                                        ],
                                        "writers": [
                                            "Marc Laidlaw"
                                        ],
                                        "countries": [
                                            "USA"
                                        ],
                                        "type": "game",
                                        "title": "Half-Life 2",
                                        "rated": null,
                                        "actors": [
                                            "Robert Guillaume",
                                            "Robert Culp",
                                            "Louis Gossett Jr.",
                                            "Michelle Forbes"
                                        ],
                                        "plot": "Assume the role of Gordon Freeman as he fights to free humanity from the oppressive Combine.",
                                        "genres": [
                                            "Action",
                                            "Adventure",
                                            "Sci-Fi"
                                        ],
                                        "id": "tt0374692",
                                        "poster": "https:\/\/s3-eu-west-1.amazonaws.com\/imdbimages\/images\/MV5BNzEwNDk5NzIxM15BMl5BanBnXkFtZTgwNDA3NzE2MDE@._V1_SX300.jpg",
                                        "released": "2004-11-16T00:00:00Z"
                                    }
                                },
                                {
                                    "_index": "imdb_movies",
                                    "_type": "_doc",
                                    "_id": "tt0314123",
                                    "_score": 1,
                                    "_source": {
                                        "year": 2002,
                                        "directors": [
                                            "Navid Khonsari"
                                        ],
                                        "writers": [
                                            "Dan Houser",
                                            "James Worrall",
                                            "Dan Houser"
                                        ],
                                        "countries": [
                                            "USA",
                                            "UK"
                                        ],
                                        "type": "game",
                                        "title": "Grand Theft Auto: Vice City",
                                        "rated": null,
                                        "actors": [
                                            "Ray Liotta",
                                            "William Fichtner",
                                            "Tom Sizemore",
                                            "Dennis Hopper"
                                        ],
                                        "plot": "After being released from jail, Tommy Vercetti left Liberty City for Vice City--a city overrun by the mob. Now, Tommy is out to make the Vice City his home.",
                                        "genres": [
                                            "Action",
                                            "Comedy",
                                            "Crime"
                                        ],
                                        "id": "tt0314123",
                                        "poster": "https:\/\/s3-eu-west-1.amazonaws.com\/imdbimages\/images\/MV5BMTczNTI5ODI3NF5BMl5BanBnXkFtZTgwNjMyMDU0MDE@._V1_SX300.jpg",
                                        "released": "2002-11-08T00:00:00Z"
                                    }
                                },
                                {
                                    "_index": "imdb_movies",
                                    "_type": "_doc",
                                    "_id": "tt1814884",
                                    "_score": 1,
                                    "_source": {
                                        "year": 2011,
                                        "directors": [
                                            "Todd Howard"
                                        ],
                                        "writers": [],
                                        "countries": [
                                            "USA"
                                        ],
                                        "type": "game",
                                        "title": "The Elder Scrolls V: Skyrim",
                                        "rated": null,
                                        "actors": [
                                            "Max von Sydow",
                                            "Christopher Plummer",
                                            "Joan Allen",
                                            "Michael Hogan"
                                        ],
                                        "plot": "The Empire of Tamriel is on the edge. The High King of Skyrim has been murdered. Alliances form as claims to the throne are made. In the midst of this conflict, a far more dangerous, ...",
                                        "genres": [
                                            "Action",
                                            "Adventure",
                                            "Drama"
                                        ],
                                        "id": "tt1814884",
                                        "poster": "https:\/\/s3-eu-west-1.amazonaws.com\/imdbimages\/images\/MV5BMTU3OTY0MTA2NF5BMl5BanBnXkFtZTgwNDczMDU0MDE@._V1_SX300.jpg",
                                        "released": "2011-11-11T00:00:00Z"
                                    }
                                },
                                {
                                    "_index": "imdb_movies",
                                    "_type": "_doc",
                                    "_id": "tt1125798",
                                    "_score": 1,
                                    "_source": {
                                        "year": 2007,
                                        "directors": [
                                            "Keith Arem"
                                        ],
                                        "writers": [
                                            "Jesse Stern"
                                        ],
                                        "countries": [
                                            "USA"
                                        ],
                                        "type": "game",
                                        "title": "Call of Duty 4: Modern Warfare",
                                        "rated": null,
                                        "actors": [
                                            "Billy Murray",
                                            "Craig Fairbrass",
                                            "David Sobolov",
                                            "Zach Hanks"
                                        ],
                                        "plot": "The Call of Duty series returns this time into a modern day setting. The player takes control of a character nicknamed \"Soap,\" for the majority of the campaign and will need to progress through many modern warfare scenarios.",
                                        "genres": [
                                            "Action",
                                            "Thriller"
                                        ],
                                        "id": "tt1125798",
                                        "poster": "https:\/\/s3-eu-west-1.amazonaws.com\/imdbimages\/images\/MV5BMjI3ODYxMDQwMl5BMl5BanBnXkFtZTgwMjc2NzE2MDE@._V1_SX300.jpg",
                                        "released": "2007-11-05T00:00:00Z"
                                    }
                                },
                                {
                                    "_index": "imdb_movies",
                                    "_type": "_doc",
                                    "_id": "tt1073668",
                                    "_score": 1,
                                    "_source": {
                                        "year": 2007,
                                        "directors": [
                                            "Casey Hudson"
                                        ],
                                        "writers": [
                                            "Drew Karpyshyn",
                                            "Lukas Kristjanson",
                                            "Chris L'Etoile",
                                            "Mike Laidlaw",
                                            "Mac Walters",
                                            "Patrick Weekes"
                                        ],
                                        "countries": [
                                            "USA",
                                            "Canada"
                                        ],
                                        "type": "game",
                                        "title": "Mass Effect",
                                        "rated": null,
                                        "actors": [
                                            "Steven Barr",
                                            "Kimberly Brooks",
                                            "Keith David",
                                            "Seth Green"
                                        ],
                                        "plot": "In a future time, you play an emotionally scarred soldier who must stop a plot to exterminate humanity throughout the galaxy.",
                                        "genres": [
                                            "Adventure",
                                            "Mystery",
                                            "Sci-Fi"
                                        ],
                                        "id": "tt1073668",
                                        "poster": "https:\/\/s3-eu-west-1.amazonaws.com\/imdbimages\/images\/MV5BMTI4NzYxMDM2Ml5BMl5BanBnXkFtZTcwMzA1MTU2MQ@@._V1_SX300.jpg",
                                        "released": "2007-11-20T00:00:00Z"
                                    }
                                }
                            ]
                        }
                    }
                }
            ]
        }
    }
}
