{
    "data": {
        "results": {
            "summary": {
                "total": 397
            },
            "hits": {
                "items": [
                    {
                        "id": "tt0111161",
                        "fields": {
                            "rated": "R",
                            "title": "The Shawshank Redemption"
                        }
                    },
                    {
                        "id": "tt0068646",
                        "fields": {
                            "rated": "R",
                            "title": "The Godfather"
                        }
                    },
                    {
                        "id": "tt0110912",
                        "fields": {
                            "rated": "R",
                            "title": "Pulp Fiction"
                        }
                    },
                    {
                        "id": "tt0137523",
                        "fields": {
                            "rated": "R",
                            "title": "Fight Club"
                        }
                    },
                    {
                        "id": "tt0133093",
                        "fields": {
                            "rated": "R",
                            "title": "The Matrix"
                        }
                    },
                    {
                        "id": "tt0071562",
                        "fields": {
                            "rated": "R",
                            "title": "The Godfather: Part II"
                        }
                    },
                    {
                        "id": "tt0108052",
                        "fields": {
                            "rated": "R",
                            "title": "Schindler's List"
                        }
                    },
                    {
                        "id": "tt0114369",
                        "fields": {
                            "rated": "R",
                            "title": "Se7en"
                        }
                    },
                    {
                        "id": "tt0099685",
                        "fields": {
                            "rated": "R",
                            "title": "Goodfellas"
                        }
                    },
                    {
                        "id": "tt0102926",
                        "fields": {
                            "rated": "R",
                            "title": "The Silence of the Lambs"
                        }
                    }
                ]
            }
        }
    },
    "extensions": {
        "searchlight_inspection": {
            "version": 1,
            "took": 1,
            "trips": [
                {
                    "query": {
                        "size": 10,
                        "from": 0,
                        "sort": [
                            {
                                "_score": "desc"
                            }
                        ],
                        "_source": {
                            "includes": [
                                "type",
                                "title",
                                "year",
                                "rated",
                                "released",
                                "genres",
                                "directors",
                                "writers",
                                "actors",
                                "countries",
                                "plot",
                                "poster",
                                "id",
                                "metascore"
                            ]
                        },
                        "query": {
                            "bool": {
                                "filter": []
                            }
                        },
                        "post_filter": {
                            "bool": {
                                "must": [
                                    {
                                        "bool": {
                                            "must": [
                                                {
                                                    "term": {
                                                        "rated": "R"
                                                    }
                                                }
                                            ]
                                        }
                                    }
                                ]
                            }
                        }
                    },
                    "response": {
                        "took": 1,
                        "timed_out": false,
                        "_shards": {
                            "total": 1,
                            "successful": 1,
                            "skipped": 0,
                            "failed": 0
                        },
                        "hits": {
                            "total": {
                                "value": 397,
                                "relation": "eq"
                            },
                            "max_score": 1,
                            "hits": [
                                {
                                    "_index": "imdb_movies",
                                    "_type": "_doc",
                                    "_id": "tt0111161",
                                    "_score": 1,
                                    "_source": {
                                        "year": 1994,
                                        "directors": [
                                            "Frank Darabont"
                                        ],
                                        "writers": [
                                            "Stephen King",
                                            "Frank Darabont"
                                        ],
                                        "countries": [
                                            "USA"
                                        ],
                                        "type": "movie",
                                        "title": "The Shawshank Redemption",
                                        "rated": "R",
                                        "actors": [
                                            "Tim Robbins",
                                            "Morgan Freeman",
                                            "Bob Gunton",
                                            "William Sadler"
                                        ],
                                        "plot": "Two imprisoned men bond over a number of years, finding solace and eventual redemption through acts of common decency.",
                                        "genres": [
                                            "Crime",
                                            "Drama"
                                        ],
                                        "id": "tt0111161",
                                        "metascore": 80,
                                        "poster": "https:\/\/s3-eu-west-1.amazonaws.com\/imdbimages\/images\/MV5BODU4MjU4NjIwNl5BMl5BanBnXkFtZTgwMDU2MjEyMDE@._V1_SX300.jpg",
                                        "released": "1994-10-14T00:00:00+01:00"
                                    }
                                },
                                {
                                    "_index": "imdb_movies",
                                    "_type": "_doc",
                                    "_id": "tt0068646",
                                    "_score": 1,
                                    "_source": {
                                        "year": 1972,
                                        "directors": [
                                            "Francis Ford Coppola"
                                        ],
                                        "writers": [
                                            "Mario Puzo",
                                            "Francis Ford Coppola",
                                            "Mario Puzo"
                                        ],
                                        "countries": [
                                            "USA"
                                        ],
                                        "type": "movie",
                                        "title": "The Godfather",
                                        "rated": "R",
                                        "actors": [
                                            "Marlon Brando",
                                            "Al Pacino",
                                            "James Caan",
                                            "Richard S. Castellano"
                                        ],
                                        "plot": "The aging patriarch of an organized crime dynasty transfers control of his clandestine empire to his reluctant son.",
                                        "genres": [
                                            "Crime",
                                            "Drama"
                                        ],
                                        "id": "tt0068646",
                                        "metascore": 100,
                                        "poster": "https:\/\/s3-eu-west-1.amazonaws.com\/imdbimages\/images\/MV5BMjEyMjcyNDI4MF5BMl5BanBnXkFtZTcwMDA5Mzg3OA@@._V1_SX300.jpg",
                                        "released": "1972-03-24T00:00:00+01:00"
                                    }
                                },
                                {
                                    "_index": "imdb_movies",
                                    "_type": "_doc",
                                    "_id": "tt0110912",
                                    "_score": 1,
                                    "_source": {
                                        "year": 1994,
                                        "directors": [
                                            "Quentin Tarantino"
                                        ],
                                        "writers": [
                                            "Quentin Tarantino",
                                            "Roger Avary",
                                            "Quentin Tarantino"
                                        ],
                                        "countries": [
                                            "USA"
                                        ],
                                        "type": "movie",
                                        "title": "Pulp Fiction",
                                        "rated": "R",
                                        "actors": [
                                            "Tim Roth",
                                            "Amanda Plummer",
                                            "Laura Lovelace",
                                            "John Travolta"
                                        ],
                                        "plot": "The lives of two mob hit men, a boxer, a gangster's wife, and a pair of diner bandits intertwine in four tales of violence and redemption.",
                                        "genres": [
                                            "Crime",
                                            "Drama",
                                            "Thriller"
                                        ],
                                        "id": "tt0110912",
                                        "metascore": 94,
                                        "poster": "https:\/\/s3-eu-west-1.amazonaws.com\/imdbimages\/images\/MV5BMjE0ODk2NjczOV5BMl5BanBnXkFtZTYwNDQ0NDg4._V1_SX300.jpg",
                                        "released": "1994-10-14T00:00:00+01:00"
                                    }
                                },
                                {
                                    "_index": "imdb_movies",
                                    "_type": "_doc",
                                    "_id": "tt0137523",
                                    "_score": 1,
                                    "_source": {
                                        "year": 1999,
                                        "directors": [
                                            "David Fincher"
                                        ],
                                        "writers": [
                                            "Chuck Palahniuk",
                                            "Jim Uhls"
                                        ],
                                        "countries": [
                                            "USA",
                                            "Germany"
                                        ],
                                        "type": "movie",
                                        "title": "Fight Club",
                                        "rated": "R",
                                        "actors": [
                                            "Edward Norton",
                                            "Brad Pitt",
                                            "Helena Bonham Carter",
                                            "Meat Loaf"
                                        ],
                                        "plot": "An insomniac office worker looking for a way to change his life crosses paths with a devil-may-care soap maker and they form an underground fight club that evolves into something much, much more...",
                                        "genres": [
                                            "Drama"
                                        ],
                                        "id": "tt0137523",
                                        "metascore": 66,
                                        "poster": "https:\/\/s3-eu-west-1.amazonaws.com\/imdbimages\/images\/MV5BMjIwNTYzMzE1M15BMl5BanBnXkFtZTcwOTE5Mzg3OA@@._V1_SX300.jpg",
                                        "released": "1999-10-15T00:00:00+01:00"
                                    }
                                },
                                {
                                    "_index": "imdb_movies",
                                    "_type": "_doc",
                                    "_id": "tt0133093",
                                    "_score": 1,
                                    "_source": {
                                        "year": 1999,
                                        "directors": [
                                            "Andy Wachowski",
                                            "Lana Wachowski"
                                        ],
                                        "writers": [
                                            "Andy Wachowski",
                                            "Lana Wachowski"
                                        ],
                                        "countries": [
                                            "USA",
                                            "Australia"
                                        ],
                                        "type": "movie",
                                        "title": "The Matrix",
                                        "rated": "R",
                                        "actors": [
                                            "Keanu Reeves",
                                            "Laurence Fishburne",
                                            "Carrie-Anne Moss",
                                            "Hugo Weaving"
                                        ],
                                        "plot": "A computer hacker learns from mysterious rebels about the true nature of his reality and his role in the war against its controllers.",
                                        "genres": [
                                            "Action",
                                            "Adventure",
                                            "Sci-Fi"
                                        ],
                                        "id": "tt0133093",
                                        "metascore": 73,
                                        "poster": "https:\/\/s3-eu-west-1.amazonaws.com\/imdbimages\/images\/MV5BMTkxNDYxOTA4M15BMl5BanBnXkFtZTgwNTk0NzQxMTE@._V1_SX300.jpg",
                                        "released": "1999-03-31T00:00:00+01:00"
                                    }
                                },
                                {
                                    "_index": "imdb_movies",
                                    "_type": "_doc",
                                    "_id": "tt0071562",
                                    "_score": 1,
                                    "_source": {
                                        "year": 1974,
                                        "directors": [
                                            "Francis Ford Coppola"
                                        ],
                                        "writers": [
                                            "Francis Ford Coppola",
                                            "Mario Puzo",
                                            "Mario Puzo"
                                        ],
                                        "countries": [
                                            "USA"
                                        ],
                                        "type": "movie",
                                        "title": "The Godfather: Part II",
                                        "rated": "R",
                                        "actors": [
                                            "Al Pacino",
                                            "Robert Duvall",
                                            "Diane Keaton",
                                            "Robert De Niro"
                                        ],
                                        "plot": "The early life and career of Vito Corleone in 1920s New York is portrayed while his son, Michael, expands and tightens his grip on his crime syndicate stretching from Lake Tahoe, Nevada to pre-revolution 1958 Cuba.",
                                        "genres": [
                                            "Crime",
                                            "Drama"
                                        ],
                                        "id": "tt0071562",
                                        "metascore": 80,
                                        "poster": "https:\/\/s3-eu-west-1.amazonaws.com\/imdbimages\/images\/MV5BNDc2NTM3MzU1Nl5BMl5BanBnXkFtZTcwMTA5Mzg3OA@@._V1_SX300.jpg",
                                        "released": "1974-12-20T00:00:00Z"
                                    }
                                },
                                {
                                    "_index": "imdb_movies",
                                    "_type": "_doc",
                                    "_id": "tt0108052",
                                    "_score": 1,
                                    "_source": {
                                        "year": 1993,
                                        "directors": [
                                            "Steven Spielberg"
                                        ],
                                        "writers": [
                                            "Thomas Keneally",
                                            "Steven Zaillian"
                                        ],
                                        "countries": [
                                            "USA"
                                        ],
                                        "type": "movie",
                                        "title": "Schindler's List",
                                        "rated": "R",
                                        "actors": [
                                            "Liam Neeson",
                                            "Ben Kingsley",
                                            "Ralph Fiennes",
                                            "Caroline Goodall"
                                        ],
                                        "plot": "In Poland during World War II, Oskar Schindler gradually becomes concerned for his Jewish workforce after witnessing their persecution by the Nazis.",
                                        "genres": [
                                            "Biography",
                                            "Drama",
                                            "History"
                                        ],
                                        "id": "tt0108052",
                                        "metascore": 93,
                                        "poster": "https:\/\/s3-eu-west-1.amazonaws.com\/imdbimages\/images\/MV5BMzMwMTM4MDU2N15BMl5BanBnXkFtZTgwMzQ0MjMxMDE@._V1_SX300.jpg",
                                        "released": "1993-12-15T00:00:00Z"
                                    }
                                },
                                {
                                    "_index": "imdb_movies",
                                    "_type": "_doc",
                                    "_id": "tt0114369",
                                    "_score": 1,
                                    "_source": {
                                        "year": 1995,
                                        "directors": [
                                            "David Fincher"
                                        ],
                                        "writers": [
                                            "Andrew Kevin Walker"
                                        ],
                                        "countries": [
                                            "USA"
                                        ],
                                        "type": "movie",
                                        "title": "Se7en",
                                        "rated": "R",
                                        "actors": [
                                            "Morgan Freeman",
                                            "Andrew Kevin Walker",
                                            "Daniel Zacapa",
                                            "Brad Pitt"
                                        ],
                                        "plot": "Two detectives, a rookie and a veteran, hunt a serial killer who uses the seven deadly sins as his modus operandi.",
                                        "genres": [
                                            "Crime",
                                            "Mystery",
                                            "Thriller"
                                        ],
                                        "id": "tt0114369",
                                        "metascore": 65,
                                        "poster": "https:\/\/s3-eu-west-1.amazonaws.com\/imdbimages\/images\/MV5BMTQwNTU3MTE4NF5BMl5BanBnXkFtZTcwOTgxNDM2Mg@@._V1_SX300.jpg",
                                        "released": "1995-09-22T00:00:00+01:00"
                                    }
                                },
                                {
                                    "_index": "imdb_movies",
                                    "_type": "_doc",
                                    "_id": "tt0099685",
                                    "_score": 1,
                                    "_source": {
                                        "year": 1990,
                                        "directors": [
                                            "Martin Scorsese"
                                        ],
                                        "writers": [
                                            "Nicholas Pileggi",
                                            "Nicholas Pileggi",
                                            "Martin Scorsese"
                                        ],
                                        "countries": [
                                            "USA"
                                        ],
                                        "type": "movie",
                                        "title": "Goodfellas",
                                        "rated": "R",
                                        "actors": [
                                            "Robert De Niro",
                                            "Ray Liotta",
                                            "Joe Pesci",
                                            "Lorraine Bracco"
                                        ],
                                        "plot": "Henry Hill and his friends work their way up through the mob hierarchy.",
                                        "genres": [
                                            "Biography",
                                            "Crime",
                                            "Drama"
                                        ],
                                        "id": "tt0099685",
                                        "metascore": 89,
                                        "poster": "https:\/\/s3-eu-west-1.amazonaws.com\/imdbimages\/images\/MV5BMTY2OTE5MzQ3MV5BMl5BanBnXkFtZTgwMTY2NTYxMTE@._V1_SX300.jpg",
                                        "released": "1990-09-19T00:00:00+01:00"
                                    }
                                },
                                {
                                    "_index": "imdb_movies",
                                    "_type": "_doc",
                                    "_id": "tt0102926",
                                    "_score": 1,
                                    "_source": {
                                        "year": 1991,
                                        "directors": [
                                            "Jonathan Demme"
                                        ],
                                        "writers": [
                                            "Thomas Harris",
                                            "Ted Tally"
                                        ],
                                        "countries": [
                                            "USA"
                                        ],
                                        "type": "movie",
                                        "title": "The Silence of the Lambs",
                                        "rated": "R",
                                        "actors": [
                                            "Jodie Foster",
                                            "Lawrence A. Bonney",
                                            "Kasi Lemmons",
                                            "Lawrence T. Wrentz"
                                        ],
                                        "plot": "A young F.B.I. cadet must confide in an incarcerated and manipulative killer to receive his help on catching another serial killer who skins his victims.",
                                        "genres": [
                                            "Crime",
                                            "Drama",
                                            "Thriller"
                                        ],
                                        "id": "tt0102926",
                                        "metascore": 84,
                                        "poster": "https:\/\/s3-eu-west-1.amazonaws.com\/imdbimages\/images\/MV5BMTQ2NzkzMDI4OF5BMl5BanBnXkFtZTcwMDA0NzE1NA@@._V1_SX300.jpg",
                                        "released": "1991-02-14T00:00:00Z"
                                    }
                                }
                            ]
                        }
                    }
                }
            ]
        }
    }
}
