{
    "data": {
        "results": {
            "facets": [
                {
                    "identifier": "type",
                    "label": "Type",
                    "type": "RefinementSelectFacet",
                    "display": "ListFacet",
                    "entries": [
                        {
                            "label": "game",
                            "count": 11
                        }
                    ]
                },
                {
                    "identifier": "rated",
                    "label": "Rated",
                    "type": "RefinementSelectFacet",
                    "display": "ListFacet",
                    "entries": []
                },
                {
                    "identifier": "genres",
                    "label": "Genres",
                    "type": "RefinementSelectFacet",
                    "display": "ListFacet",
                    "entries": [
                        {
                            "label": "Action",
                            "count": 10
                        },
                        {
                            "label": "Adventure",
                            "count": 5
                        },
                        {
                            "label": "Comedy",
                            "count": 3
                        },
                        {
                            "label": "Crime",
                            "count": 5
                        },
                        {
                            "label": "Drama",
                            "count": 2
                        }
                    ]
                },
                {
                    "identifier": "directors",
                    "label": "Directors",
                    "type": "RefinementSelectFacet",
                    "display": "ListFacet",
                    "entries": [
                        {
                            "label": "Casey Hudson",
                            "count": 2
                        },
                        {
                            "label": "Dan Houser",
                            "count": 1
                        },
                        {
                            "label": "David Speyrer",
                            "count": 1
                        },
                        {
                            "label": "Jamie Walker",
                            "count": 1
                        },
                        {
                            "label": "John Zurhellen",
                            "count": 1
                        }
                    ]
                },
                {
                    "identifier": "writers",
                    "label": "Writers",
                    "type": "RefinementSelectFacet",
                    "display": "ListFacet",
                    "entries": [
                        {
                            "label": "Bob Kane",
                            "count": 2
                        },
                        {
                            "label": "Brian Kindregan",
                            "count": 1
                        },
                        {
                            "label": "Cathleen Rootsaert",
                            "count": 1
                        },
                        {
                            "label": "Chris Hepler",
                            "count": 1
                        },
                        {
                            "label": "Chris L'Etoile",
                            "count": 2
                        }
                    ]
                },
                {
                    "identifier": "actors",
                    "label": "Actors",
                    "type": "RefinementSelectFacet",
                    "display": "ListFacet",
                    "entries": [
                        {
                            "label": "Adam Baldwin",
                            "count": 1
                        },
                        {
                            "label": "Billy Murray",
                            "count": 1
                        },
                        {
                            "label": "Chris Phillips",
                            "count": 1
                        },
                        {
                            "label": "Christopher Plummer",
                            "count": 1
                        },
                        {
                            "label": "Clifton Powell",
                            "count": 1
                        }
                    ]
                },
                {
                    "identifier": "countries",
                    "label": "Countries",
                    "type": "RefinementSelectFacet",
                    "display": "ListFacet",
                    "entries": [
                        {
                            "label": "Canada",
                            "count": 2
                        },
                        {
                            "label": "Finland",
                            "count": 1
                        },
                        {
                            "label": "UK",
                            "count": 3
                        },
                        {
                            "label": "USA",
                            "count": 11
                        }
                    ]
                },
                {
                    "identifier": "imdbrating",
                    "label": "IMDb Rating",
                    "type": "RangeFacet",
                    "display": "RangeSliderFacet",
                    "entries": [
                        {
                            "label": "0",
                            "count": 0
                        },
                        {
                            "label": "1",
                            "count": 0
                        },
                        {
                            "label": "2",
                            "count": 0
                        },
                        {
                            "label": "3",
                            "count": 0
                        },
                        {
                            "label": "4",
                            "count": 0
                        },
                        {
                            "label": "5",
                            "count": 0
                        },
                        {
                            "label": "6",
                            "count": 0
                        },
                        {
                            "label": "7",
                            "count": 0
                        },
                        {
                            "label": "8",
                            "count": 0
                        },
                        {
                            "label": "9",
                            "count": 11
                        },
                        {
                            "label": "10",
                            "count": 0
                        }
                    ]
                },
                {
                    "identifier": "metascore",
                    "label": "Metascore",
                    "type": "RangeFacet",
                    "display": "RangeSliderFacet",
                    "entries": [
                        {
                            "label": "0",
                            "count": 0
                        },
                        {
                            "label": "5",
                            "count": 0
                        },
                        {
                            "label": "10",
                            "count": 0
                        },
                        {
                            "label": "15",
                            "count": 0
                        },
                        {
                            "label": "20",
                            "count": 0
                        },
                        {
                            "label": "25",
                            "count": 0
                        },
                        {
                            "label": "30",
                            "count": 0
                        },
                        {
                            "label": "35",
                            "count": 0
                        },
                        {
                            "label": "40",
                            "count": 0
                        },
                        {
                            "label": "45",
                            "count": 0
                        },
                        {
                            "label": "50",
                            "count": 0
                        },
                        {
                            "label": "55",
                            "count": 0
                        },
                        {
                            "label": "60",
                            "count": 0
                        },
                        {
                            "label": "65",
                            "count": 0
                        },
                        {
                            "label": "70",
                            "count": 0
                        },
                        {
                            "label": "75",
                            "count": 0
                        },
                        {
                            "label": "80",
                            "count": 0
                        },
                        {
                            "label": "85",
                            "count": 0
                        },
                        {
                            "label": "90",
                            "count": 0
                        },
                        {
                            "label": "95",
                            "count": 0
                        },
                        {
                            "label": "100",
                            "count": 0
                        }
                    ]
                }
            ]
        }
    },
    "extensions": {
        "searchlight_inspection": {
            "version": 1,
            "trips": [
                {
                    "query": {
                        "size": 0,
                        "from": 0,
                        "_source": {
                            "includes": [
                                "type",
                                "title",
                                "year",
                                "rated",
                                "released",
                                "genres",
                                "directors",
                                "writers",
                                "actors",
                                "countries",
                                "plot",
                                "poster",
                                "id",
                                "metascore"
                            ]
                        },
                        "highlight": {
                            "fields": {
                                "name": [],
                                "description": [],
                                "category": [],
                                "kind": []
                            }
                        },
                        "aggs": {
                            "facet_bucket_all": {
                                "aggs": {
                                    "type": {
                                        "terms": {
                                            "field": "type",
                                            "size": 5,
                                            "order": {
                                                "_key": "asc"
                                            }
                                        }
                                    },
                                    "rated": {
                                        "terms": {
                                            "field": "rated",
                                            "size": 5,
                                            "order": {
                                                "_key": "asc"
                                            }
                                        }
                                    },
                                    "genres": {
                                        "terms": {
                                            "field": "genres.keyword",
                                            "size": 5,
                                            "order": {
                                                "_key": "asc"
                                            }
                                        }
                                    },
                                    "directors": {
                                        "terms": {
                                            "field": "directors.keyword",
                                            "size": 5,
                                            "order": {
                                                "_key": "asc"
                                            }
                                        }
                                    },
                                    "writers": {
                                        "terms": {
                                            "field": "writers.keyword",
                                            "size": 5,
                                            "order": {
                                                "_key": "asc"
                                            }
                                        }
                                    },
                                    "actors": {
                                        "terms": {
                                            "field": "actors.keyword",
                                            "size": 5,
                                            "order": {
                                                "_key": "asc"
                                            }
                                        }
                                    },
                                    "countries": {
                                        "terms": {
                                            "field": "countries.keyword",
                                            "size": 5,
                                            "order": {
                                                "_key": "asc"
                                            }
                                        }
                                    },
                                    "imdbrating": {
                                        "histogram": {
                                            "field": "imdbrating",
                                            "interval": 1,
                                            "min_doc_count": 0,
                                            "extended_bounds": {
                                                "min": 0,
                                                "max": 10
                                            }
                                        }
                                    },
                                    "metascore": {
                                        "histogram": {
                                            "field": "metascore",
                                            "interval": 5,
                                            "min_doc_count": 0,
                                            "extended_bounds": {
                                                "min": 0,
                                                "max": 100
                                            }
                                        }
                                    }
                                },
                                "filter": {
                                    "bool": {
                                        "must": [
                                            {
                                                "bool": {
                                                    "should": [
                                                        {
                                                            "term": {
                                                                "type": "game"
                                                            }
                                                        }
                                                    ]
                                                }
                                            }
                                        ]
                                    }
                                }
                            }
                        },
                        "query": {
                            "bool": {
                                "filter": []
                            }
                        },
                        "post_filter": {
                            "bool": {
                                "must": [
                                    {
                                        "bool": {
                                            "should": [
                                                {
                                                    "term": {
                                                        "type": "game"
                                                    }
                                                }
                                            ]
                                        }
                                    }
                                ]
                            }
                        }
                    },
                    "response": {
                        "timed_out": false,
                        "_shards": {
                            "total": 1,
                            "successful": 1,
                            "skipped": 0,
                            "failed": 0
                        },
                        "hits": {
                            "total": {
                                "value": 11,
                                "relation": "eq"
                            },
                            "max_score": null,
                            "hits": []
                        },
                        "aggregations": {
                            "facet_bucket_all": {
                                "doc_count": 11,
                                "rated": {
                                    "doc_count_error_upper_bound": 0,
                                    "sum_other_doc_count": 0,
                                    "buckets": []
                                },
                                "actors": {
                                    "doc_count_error_upper_bound": 0,
                                    "sum_other_doc_count": 39,
                                    "buckets": [
                                        {
                                            "key": "Adam Baldwin",
                                            "doc_count": 1
                                        },
                                        {
                                            "key": "Billy Murray",
                                            "doc_count": 1
                                        },
                                        {
                                            "key": "Chris Phillips",
                                            "doc_count": 1
                                        },
                                        {
                                            "key": "Christopher Plummer",
                                            "doc_count": 1
                                        },
                                        {
                                            "key": "Clifton Powell",
                                            "doc_count": 1
                                        }
                                    ]
                                },
                                "genres": {
                                    "doc_count_error_upper_bound": 0,
                                    "sum_other_doc_count": 7,
                                    "buckets": [
                                        {
                                            "key": "Action",
                                            "doc_count": 10
                                        },
                                        {
                                            "key": "Adventure",
                                            "doc_count": 5
                                        },
                                        {
                                            "key": "Comedy",
                                            "doc_count": 3
                                        },
                                        {
                                            "key": "Crime",
                                            "doc_count": 5
                                        },
                                        {
                                            "key": "Drama",
                                            "doc_count": 2
                                        }
                                    ]
                                },
                                "directors": {
                                    "doc_count_error_upper_bound": 0,
                                    "sum_other_doc_count": 9,
                                    "buckets": [
                                        {
                                            "key": "Casey Hudson",
                                            "doc_count": 2
                                        },
                                        {
                                            "key": "Dan Houser",
                                            "doc_count": 1
                                        },
                                        {
                                            "key": "David Speyrer",
                                            "doc_count": 1
                                        },
                                        {
                                            "key": "Jamie Walker",
                                            "doc_count": 1
                                        },
                                        {
                                            "key": "John Zurhellen",
                                            "doc_count": 1
                                        }
                                    ]
                                },
                                "metascore": {
                                    "buckets": [
                                        {
                                            "key": 0,
                                            "doc_count": 0
                                        },
                                        {
                                            "key": 5,
                                            "doc_count": 0
                                        },
                                        {
                                            "key": 10,
                                            "doc_count": 0
                                        },
                                        {
                                            "key": 15,
                                            "doc_count": 0
                                        },
                                        {
                                            "key": 20,
                                            "doc_count": 0
                                        },
                                        {
                                            "key": 25,
                                            "doc_count": 0
                                        },
                                        {
                                            "key": 30,
                                            "doc_count": 0
                                        },
                                        {
                                            "key": 35,
                                            "doc_count": 0
                                        },
                                        {
                                            "key": 40,
                                            "doc_count": 0
                                        },
                                        {
                                            "key": 45,
                                            "doc_count": 0
                                        },
                                        {
                                            "key": 50,
                                            "doc_count": 0
                                        },
                                        {
                                            "key": 55,
                                            "doc_count": 0
                                        },
                                        {
                                            "key": 60,
                                            "doc_count": 0
                                        },
                                        {
                                            "key": 65,
                                            "doc_count": 0
                                        },
                                        {
                                            "key": 70,
                                            "doc_count": 0
                                        },
                                        {
                                            "key": 75,
                                            "doc_count": 0
                                        },
                                        {
                                            "key": 80,
                                            "doc_count": 0
                                        },
                                        {
                                            "key": 85,
                                            "doc_count": 0
                                        },
                                        {
                                            "key": 90,
                                            "doc_count": 0
                                        },
                                        {
                                            "key": 95,
                                            "doc_count": 0
                                        },
                                        {
                                            "key": 100,
                                            "doc_count": 0
                                        }
                                    ]
                                },
                                "countries": {
                                    "doc_count_error_upper_bound": 0,
                                    "sum_other_doc_count": 0,
                                    "buckets": [
                                        {
                                            "key": "Canada",
                                            "doc_count": 2
                                        },
                                        {
                                            "key": "Finland",
                                            "doc_count": 1
                                        },
                                        {
                                            "key": "UK",
                                            "doc_count": 3
                                        },
                                        {
                                            "key": "USA",
                                            "doc_count": 11
                                        }
                                    ]
                                },
                                "writers": {
                                    "doc_count_error_upper_bound": 0,
                                    "sum_other_doc_count": 22,
                                    "buckets": [
                                        {
                                            "key": "Bob Kane",
                                            "doc_count": 2
                                        },
                                        {
                                            "key": "Brian Kindregan",
                                            "doc_count": 1
                                        },
                                        {
                                            "key": "Cathleen Rootsaert",
                                            "doc_count": 1
                                        },
                                        {
                                            "key": "Chris Hepler",
                                            "doc_count": 1
                                        },
                                        {
                                            "key": "Chris L'Etoile",
                                            "doc_count": 2
                                        }
                                    ]
                                },
                                "type": {
                                    "doc_count_error_upper_bound": 0,
                                    "sum_other_doc_count": 0,
                                    "buckets": [
                                        {
                                            "key": "game",
                                            "doc_count": 11
                                        }
                                    ]
                                },
                                "imdbrating": {
                                    "buckets": [
                                        {
                                            "key": 0,
                                            "doc_count": 0
                                        },
                                        {
                                            "key": 1,
                                            "doc_count": 0
                                        },
                                        {
                                            "key": 2,
                                            "doc_count": 0
                                        },
                                        {
                                            "key": 3,
                                            "doc_count": 0
                                        },
                                        {
                                            "key": 4,
                                            "doc_count": 0
                                        },
                                        {
                                            "key": 5,
                                            "doc_count": 0
                                        },
                                        {
                                            "key": 6,
                                            "doc_count": 0
                                        },
                                        {
                                            "key": 7,
                                            "doc_count": 0
                                        },
                                        {
                                            "key": 8,
                                            "doc_count": 0
                                        },
                                        {
                                            "key": 9,
                                            "doc_count": 11
                                        },
                                        {
                                            "key": 10,
                                            "doc_count": 0
                                        }
                                    ]
                                }
                            }
                        }
                    }
                }
            ]
        }
    }
}
