{
    "data": {
        "results": {
            "hits": {
                "items": [
                    {
                        "id": "tt0113277"
                    },
                    {
                        "id": "tt0061811"
                    }
                ]
            }
        }
    },
    "extensions": {
        "searchlight_inspection": {
            "version": 1,
            "took": 1,
            "trips": [
                {
                    "query": {
                        "size": 10,
                        "from": 0,
                        "sort": [
                            {
                                "_score": "desc"
                            }
                        ],
                        "_source": {
                            "includes": [
                                "type",
                                "title",
                                "year",
                                "rated",
                                "released",
                                "genres",
                                "directors",
                                "writers",
                                "actors",
                                "countries",
                                "plot",
                                "poster",
                                "id",
                                "metascore",
                                "imdbrating",
                                "primary_genre1",
                                "primary_genre2",
                                "primary_genre3"
                            ]
                        },
                        "highlight": {
                            "fields": {
                                "title": [],
                                "plot": []
                            }
                        },
                        "query": {
                            "bool": {
                                "should": [
                                    {
                                        "multi_match": {
                                            "query": "heat",
                                            "fields": [
                                                "title^2",
                                                "plot^1"
                                            ],
                                            "type": "best_fields",
                                            "operator": "and"
                                        }
                                    },
                                    {
                                        "multi_match": {
                                            "query": "heat",
                                            "fields": [
                                                "title^2",
                                                "plot^1"
                                            ],
                                            "type": "cross_fields"
                                        }
                                    },
                                    {
                                        "multi_match": {
                                            "query": "heat",
                                            "fields": [
                                                "title^2",
                                                "plot^1"
                                            ],
                                            "type": "phrase"
                                        }
                                    },
                                    {
                                        "multi_match": {
                                            "query": "heat",
                                            "fields": [
                                                "title^2",
                                                "plot^1"
                                            ],
                                            "type": "phrase_prefix"
                                        }
                                    }
                                ],
                                "filter": []
                            }
                        }
                    },
                    "response": {
                        "took": 1,
                        "timed_out": false,
                        "_shards": {
                            "total": 1,
                            "successful": 1,
                            "skipped": 0,
                            "failed": 0
                        },
                        "hits": {
                            "total": {
                                "value": 2,
                                "relation": "eq"
                            },
                            "max_score": 64.793365,
                            "hits": [
                                {
                                    "_index": "imdb_movies",
                                    "_type": "_doc",
                                    "_id": "tt0113277",
                                    "_score": 64.793365,
                                    "_source": {
                                        "primary_genre2": [
                                            "team"
                                        ],
                                        "primary_genre1": "Action",
                                        "year": 1995,
                                        "directors": [
                                            "Michael Mann"
                                        ],
                                        "writers": [
                                            "Michael Mann"
                                        ],
                                        "countries": [
                                            "USA"
                                        ],
                                        "type": "movie",
                                        "title": "Heat",
                                        "imdbrating": 8.3,
                                        "rated": "R",
                                        "actors": [
                                            "Al Pacino",
                                            "Robert De Niro",
                                            "Val Kilmer",
                                            "Jon Voight"
                                        ],
                                        "plot": "A group of professional bank robbers start to feel the heat from police when they unknowingly leave a clue at their latest heist.",
                                        "genres": [
                                            "Action",
                                            "Crime",
                                            "Drama"
                                        ],
                                        "id": "tt0113277",
                                        "metascore": 76,
                                        "poster": "https:\/\/s3-eu-west-1.amazonaws.com\/imdbimages\/images\/MV5BMTM1NDc4ODkxNV5BMl5BanBnXkFtZTcwNTI4ODE3MQ@@._V1_SX300.jpg",
                                        "released": "1995-12-15T00:00:00Z"
                                    },
                                    "highlight": {
                                        "plot": [
                                            "A group of professional bank robbers start to feel the <em>heat<\/em> from police when they unknowingly leave a"
                                        ],
                                        "title": [
                                            "<em>Heat<\/em>"
                                        ]
                                    }
                                },
                                {
                                    "_index": "imdb_movies",
                                    "_type": "_doc",
                                    "_id": "tt0061811",
                                    "_score": 32.287613,
                                    "_source": {
                                        "primary_genre2": [
                                            "police procedural"
                                        ],
                                        "primary_genre1": "Crime",
                                        "year": 1967,
                                        "directors": [
                                            "Norman Jewison"
                                        ],
                                        "writers": [
                                            "Stirling Silliphant",
                                            "John Ball"
                                        ],
                                        "countries": [
                                            "USA"
                                        ],
                                        "type": "movie",
                                        "title": "In the Heat of the Night",
                                        "imdbrating": 8,
                                        "rated": "Approved",
                                        "actors": [
                                            "Sidney Poitier",
                                            "Rod Steiger",
                                            "Warren Oates",
                                            "Lee Grant"
                                        ],
                                        "plot": "An African American police detective is asked to investigate a murder in a racially hostile southern town.",
                                        "genres": [
                                            "Crime",
                                            "Drama",
                                            "Mystery"
                                        ],
                                        "id": "tt0061811",
                                        "poster": "https:\/\/s3-eu-west-1.amazonaws.com\/imdbimages\/images\/MV5BMTk3NjkxMDc1MV5BMl5BanBnXkFtZTcwMDIwMjI0NA@@._V1_SX300.jpg",
                                        "released": "1967-10-14T00:00:00+01:00"
                                    },
                                    "highlight": {
                                        "title": [
                                            "In the <em>Heat<\/em> of the Night"
                                        ]
                                    }
                                }
                            ]
                        }
                    }
                }
            ]
        }
    }
}
