{
    "data": {
        "results": {
            "facets": [
                {
                    "identifier": "type",
                    "label": "Type",
                    "type": "RefinementSelectFacet",
                    "display": "ListFacet",
                    "entries": [
                        {
                            "label": "episode",
                            "count": 4
                        },
                        {
                            "label": "game",
                            "count": 11
                        },
                        {
                            "label": "movie",
                            "count": 852
                        },
                        {
                            "label": "series",
                            "count": 133
                        }
                    ]
                },
                {
                    "identifier": "rated",
                    "label": "Rated",
                    "type": "RefinementSelectFacet",
                    "display": "ListFacet",
                    "entries": [
                        {
                            "label": "Approved",
                            "count": 24
                        },
                        {
                            "label": "G",
                            "count": 26
                        },
                        {
                            "label": "NC-17",
                            "count": 3
                        },
                        {
                            "label": "Not Rated",
                            "count": 49
                        },
                        {
                            "label": "PG",
                            "count": 106
                        }
                    ]
                },
                {
                    "identifier": "genres",
                    "label": "Genres",
                    "type": "RefinementSelectFacet",
                    "display": "ListFacet",
                    "entries": [
                        {
                            "label": "Action",
                            "count": 185
                        },
                        {
                            "label": "Adventure",
                            "count": 181
                        },
                        {
                            "label": "Animation",
                            "count": 58
                        },
                        {
                            "label": "Biography",
                            "count": 63
                        },
                        {
                            "label": "Comedy",
                            "count": 191
                        }
                    ]
                },
                {
                    "identifier": "directors",
                    "label": "Director",
                    "type": "RefinementSelectFacet",
                    "display": "ListFacet",
                    "entries": [
                        {
                            "label": "Aamir Khan",
                            "count": 1
                        },
                        {
                            "label": "Adam Elliot",
                            "count": 1
                        },
                        {
                            "label": "Adam McKay",
                            "count": 1
                        },
                        {
                            "label": "Adam Shankman",
                            "count": 1
                        },
                        {
                            "label": "Akira Kurosawa",
                            "count": 5
                        }
                    ]
                },
                {
                    "identifier": "writers",
                    "label": "Writer",
                    "type": "RefinementSelectFacet",
                    "display": "ListFacet",
                    "entries": [
                        {
                            "label": "A.J. Quinnell",
                            "count": 1
                        },
                        {
                            "label": "Aaron Sorkin",
                            "count": 3
                        },
                        {
                            "label": "Aaron Stockard",
                            "count": 2
                        },
                        {
                            "label": "Abby Mann",
                            "count": 1
                        },
                        {
                            "label": "Abdel Raouf Dafri",
                            "count": 1
                        }
                    ]
                },
                {
                    "identifier": "actors",
                    "label": "Actor",
                    "type": "RefinementSelectFacet",
                    "display": "ListFacet",
                    "entries": [
                        {
                            "label": "Aamir Khan",
                            "count": 3
                        },
                        {
                            "label": "Aaron Eckhart",
                            "count": 2
                        },
                        {
                            "label": "Aaron Taylor-Johnson",
                            "count": 1
                        },
                        {
                            "label": "Abbie Cornish",
                            "count": 1
                        },
                        {
                            "label": "Abdel Ahmed Ghili",
                            "count": 1
                        }
                    ]
                },
                {
                    "identifier": "countries",
                    "label": "Country",
                    "type": "RefinementSelectFacet",
                    "display": "ListFacet",
                    "entries": [
                        {
                            "label": "Algeria",
                            "count": 1
                        },
                        {
                            "label": "Argentina",
                            "count": 3
                        },
                        {
                            "label": "Australia",
                            "count": 14
                        },
                        {
                            "label": "Austria",
                            "count": 2
                        },
                        {
                            "label": "Bahamas",
                            "count": 1
                        }
                    ]
                },
                {
                    "identifier": "imdbrating",
                    "label": "IMDb Rating",
                    "type": "RangeFacet",
                    "display": "RangeSliderFacet",
                    "entries": [
                        {
                            "label": "0",
                            "count": 0
                        },
                        {
                            "label": "1",
                            "count": 0
                        },
                        {
                            "label": "2",
                            "count": 0
                        },
                        {
                            "label": "3",
                            "count": 0
                        },
                        {
                            "label": "4",
                            "count": 0
                        },
                        {
                            "label": "5",
                            "count": 0
                        },
                        {
                            "label": "6",
                            "count": 14
                        },
                        {
                            "label": "7",
                            "count": 476
                        },
                        {
                            "label": "8",
                            "count": 352
                        },
                        {
                            "label": "9",
                            "count": 10
                        },
                        {
                            "label": "10",
                            "count": 0
                        }
                    ]
                },
                {
                    "identifier": "metascore",
                    "label": "Metascore",
                    "type": "RangeFacet",
                    "display": "RangeSliderFacet",
                    "entries": [
                        {
                            "label": "0",
                            "count": 0
                        },
                        {
                            "label": "5",
                            "count": 0
                        },
                        {
                            "label": "10",
                            "count": 0
                        },
                        {
                            "label": "15",
                            "count": 0
                        },
                        {
                            "label": "20",
                            "count": 0
                        },
                        {
                            "label": "25",
                            "count": 1
                        },
                        {
                            "label": "30",
                            "count": 4
                        },
                        {
                            "label": "35",
                            "count": 4
                        },
                        {
                            "label": "40",
                            "count": 4
                        },
                        {
                            "label": "45",
                            "count": 15
                        },
                        {
                            "label": "50",
                            "count": 25
                        },
                        {
                            "label": "55",
                            "count": 58
                        },
                        {
                            "label": "60",
                            "count": 76
                        },
                        {
                            "label": "65",
                            "count": 93
                        },
                        {
                            "label": "70",
                            "count": 102
                        },
                        {
                            "label": "75",
                            "count": 79
                        },
                        {
                            "label": "80",
                            "count": 88
                        },
                        {
                            "label": "85",
                            "count": 61
                        },
                        {
                            "label": "90",
                            "count": 43
                        },
                        {
                            "label": "95",
                            "count": 13
                        },
                        {
                            "label": "100",
                            "count": 3
                        }
                    ]
                }
            ]
        }
    },
    "extensions": {
        "searchlight_inspection": {
            "version": 1,
            "took": 1,
            "trips": [
                {
                    "query": {
                        "size": 0,
                        "from": 0,
                        "_source": {
                            "includes": [
                                "type",
                                "title",
                                "year",
                                "rated",
                                "released",
                                "genres",
                                "directors",
                                "writers",
                                "actors",
                                "countries",
                                "plot",
                                "poster",
                                "id",
                                "metascore"
                            ]
                        },
                        "aggs": {
                            "facet_bucket_all": {
                                "aggs": {
                                    "rated": {
                                        "terms": {
                                            "field": "rated",
                                            "size": 5,
                                            "order": {
                                                "_key": "asc"
                                            }
                                        }
                                    },
                                    "directors": {
                                        "terms": {
                                            "field": "directors.keyword",
                                            "size": 5,
                                            "order": {
                                                "_key": "asc"
                                            }
                                        }
                                    },
                                    "writers": {
                                        "terms": {
                                            "field": "writers.keyword",
                                            "size": 5,
                                            "order": {
                                                "_key": "asc"
                                            }
                                        }
                                    },
                                    "actors": {
                                        "terms": {
                                            "field": "actors.keyword",
                                            "size": 5,
                                            "order": {
                                                "_key": "asc"
                                            }
                                        }
                                    },
                                    "countries": {
                                        "terms": {
                                            "field": "countries.keyword",
                                            "size": 5,
                                            "order": {
                                                "_key": "asc"
                                            }
                                        }
                                    },
                                    "imdbrating": {
                                        "histogram": {
                                            "field": "imdbrating",
                                            "interval": 1,
                                            "min_doc_count": 0,
                                            "extended_bounds": {
                                                "min": 0,
                                                "max": 10
                                            }
                                        }
                                    },
                                    "metascore": {
                                        "histogram": {
                                            "field": "metascore",
                                            "interval": 5,
                                            "min_doc_count": 0,
                                            "extended_bounds": {
                                                "min": 0,
                                                "max": 100
                                            }
                                        }
                                    }
                                },
                                "filter": {
                                    "bool": {
                                        "must": [
                                            {
                                                "bool": {
                                                    "should": [
                                                        {
                                                            "term": {
                                                                "type": "movie"
                                                            }
                                                        }
                                                    ]
                                                }
                                            }
                                        ]
                                    }
                                }
                            },
                            "facet_bucket_type": {
                                "aggs": {
                                    "type": {
                                        "terms": {
                                            "field": "type",
                                            "size": 5,
                                            "order": {
                                                "_key": "asc"
                                            }
                                        }
                                    }
                                },
                                "filter": {
                                    "bool": {
                                        "must": []
                                    }
                                }
                            },
                            "facet_bucket_genres": {
                                "aggs": {
                                    "genres": {
                                        "terms": {
                                            "field": "genres.keyword",
                                            "size": 5,
                                            "order": {
                                                "_key": "asc"
                                            }
                                        }
                                    }
                                },
                                "filter": {
                                    "bool": {
                                        "must": [
                                            {
                                                "bool": {
                                                    "should": [
                                                        {
                                                            "term": {
                                                                "type": "movie"
                                                            }
                                                        }
                                                    ]
                                                }
                                            }
                                        ]
                                    }
                                }
                            }
                        },
                        "query": {
                            "bool": {
                                "filter": []
                            }
                        },
                        "post_filter": {
                            "bool": {
                                "must": [
                                    {
                                        "bool": {
                                            "should": [
                                                {
                                                    "term": {
                                                        "type": "movie"
                                                    }
                                                }
                                            ]
                                        }
                                    }
                                ]
                            }
                        }
                    },
                    "response": {
                        "took": 1,
                        "timed_out": false,
                        "_shards": {
                            "total": 1,
                            "successful": 1,
                            "skipped": 0,
                            "failed": 0
                        },
                        "hits": {
                            "total": {
                                "value": 852,
                                "relation": "eq"
                            },
                            "max_score": null,
                            "hits": []
                        },
                        "aggregations": {
                            "facet_bucket_type": {
                                "meta": [],
                                "doc_count": 1000,
                                "type": {
                                    "doc_count_error_upper_bound": 0,
                                    "sum_other_doc_count": 0,
                                    "buckets": [
                                        {
                                            "key": "episode",
                                            "doc_count": 4
                                        },
                                        {
                                            "key": "game",
                                            "doc_count": 11
                                        },
                                        {
                                            "key": "movie",
                                            "doc_count": 852
                                        },
                                        {
                                            "key": "series",
                                            "doc_count": 133
                                        }
                                    ]
                                }
                            },
                            "facet_bucket_all": {
                                "doc_count": 852,
                                "rated": {
                                    "doc_count_error_upper_bound": 0,
                                    "sum_other_doc_count": 634,
                                    "buckets": [
                                        {
                                            "key": "Approved",
                                            "doc_count": 24
                                        },
                                        {
                                            "key": "G",
                                            "doc_count": 26
                                        },
                                        {
                                            "key": "NC-17",
                                            "doc_count": 3
                                        },
                                        {
                                            "key": "Not Rated",
                                            "doc_count": 49
                                        },
                                        {
                                            "key": "PG",
                                            "doc_count": 106
                                        }
                                    ]
                                },
                                "actors": {
                                    "doc_count_error_upper_bound": 0,
                                    "sum_other_doc_count": 3384,
                                    "buckets": [
                                        {
                                            "key": "Aamir Khan",
                                            "doc_count": 3
                                        },
                                        {
                                            "key": "Aaron Eckhart",
                                            "doc_count": 2
                                        },
                                        {
                                            "key": "Aaron Taylor-Johnson",
                                            "doc_count": 1
                                        },
                                        {
                                            "key": "Abbie Cornish",
                                            "doc_count": 1
                                        },
                                        {
                                            "key": "Abdel Ahmed Ghili",
                                            "doc_count": 1
                                        }
                                    ]
                                },
                                "directors": {
                                    "doc_count_error_upper_bound": 0,
                                    "sum_other_doc_count": 937,
                                    "buckets": [
                                        {
                                            "key": "Aamir Khan",
                                            "doc_count": 1
                                        },
                                        {
                                            "key": "Adam Elliot",
                                            "doc_count": 1
                                        },
                                        {
                                            "key": "Adam McKay",
                                            "doc_count": 1
                                        },
                                        {
                                            "key": "Adam Shankman",
                                            "doc_count": 1
                                        },
                                        {
                                            "key": "Akira Kurosawa",
                                            "doc_count": 5
                                        }
                                    ]
                                },
                                "metascore": {
                                    "buckets": [
                                        {
                                            "key": 0,
                                            "doc_count": 0
                                        },
                                        {
                                            "key": 5,
                                            "doc_count": 0
                                        },
                                        {
                                            "key": 10,
                                            "doc_count": 0
                                        },
                                        {
                                            "key": 15,
                                            "doc_count": 0
                                        },
                                        {
                                            "key": 20,
                                            "doc_count": 0
                                        },
                                        {
                                            "key": 25,
                                            "doc_count": 1
                                        },
                                        {
                                            "key": 30,
                                            "doc_count": 4
                                        },
                                        {
                                            "key": 35,
                                            "doc_count": 4
                                        },
                                        {
                                            "key": 40,
                                            "doc_count": 4
                                        },
                                        {
                                            "key": 45,
                                            "doc_count": 15
                                        },
                                        {
                                            "key": 50,
                                            "doc_count": 25
                                        },
                                        {
                                            "key": 55,
                                            "doc_count": 58
                                        },
                                        {
                                            "key": 60,
                                            "doc_count": 76
                                        },
                                        {
                                            "key": 65,
                                            "doc_count": 93
                                        },
                                        {
                                            "key": 70,
                                            "doc_count": 102
                                        },
                                        {
                                            "key": 75,
                                            "doc_count": 79
                                        },
                                        {
                                            "key": 80,
                                            "doc_count": 88
                                        },
                                        {
                                            "key": 85,
                                            "doc_count": 61
                                        },
                                        {
                                            "key": 90,
                                            "doc_count": 43
                                        },
                                        {
                                            "key": 95,
                                            "doc_count": 13
                                        },
                                        {
                                            "key": 100,
                                            "doc_count": 3
                                        }
                                    ]
                                },
                                "countries": {
                                    "doc_count_error_upper_bound": 0,
                                    "sum_other_doc_count": 1222,
                                    "buckets": [
                                        {
                                            "key": "Algeria",
                                            "doc_count": 1
                                        },
                                        {
                                            "key": "Argentina",
                                            "doc_count": 3
                                        },
                                        {
                                            "key": "Australia",
                                            "doc_count": 14
                                        },
                                        {
                                            "key": "Austria",
                                            "doc_count": 2
                                        },
                                        {
                                            "key": "Bahamas",
                                            "doc_count": 1
                                        }
                                    ]
                                },
                                "writers": {
                                    "doc_count_error_upper_bound": 0,
                                    "sum_other_doc_count": 2016,
                                    "buckets": [
                                        {
                                            "key": "A.J. Quinnell",
                                            "doc_count": 1
                                        },
                                        {
                                            "key": "Aaron Sorkin",
                                            "doc_count": 3
                                        },
                                        {
                                            "key": "Aaron Stockard",
                                            "doc_count": 2
                                        },
                                        {
                                            "key": "Abby Mann",
                                            "doc_count": 1
                                        },
                                        {
                                            "key": "Abdel Raouf Dafri",
                                            "doc_count": 1
                                        }
                                    ]
                                },
                                "imdbrating": {
                                    "buckets": [
                                        {
                                            "key": 0,
                                            "doc_count": 0
                                        },
                                        {
                                            "key": 1,
                                            "doc_count": 0
                                        },
                                        {
                                            "key": 2,
                                            "doc_count": 0
                                        },
                                        {
                                            "key": 3,
                                            "doc_count": 0
                                        },
                                        {
                                            "key": 4,
                                            "doc_count": 0
                                        },
                                        {
                                            "key": 5,
                                            "doc_count": 0
                                        },
                                        {
                                            "key": 6,
                                            "doc_count": 14
                                        },
                                        {
                                            "key": 7,
                                            "doc_count": 476
                                        },
                                        {
                                            "key": 8,
                                            "doc_count": 352
                                        },
                                        {
                                            "key": 9,
                                            "doc_count": 10
                                        },
                                        {
                                            "key": 10,
                                            "doc_count": 0
                                        }
                                    ]
                                }
                            },
                            "facet_bucket_genres": {
                                "doc_count": 852,
                                "genres": {
                                    "doc_count_error_upper_bound": 0,
                                    "sum_other_doc_count": 1462,
                                    "buckets": [
                                        {
                                            "key": "Action",
                                            "doc_count": 185
                                        },
                                        {
                                            "key": "Adventure",
                                            "doc_count": 181
                                        },
                                        {
                                            "key": "Animation",
                                            "doc_count": 58
                                        },
                                        {
                                            "key": "Biography",
                                            "doc_count": 63
                                        },
                                        {
                                            "key": "Comedy",
                                            "doc_count": 191
                                        }
                                    ]
                                }
                            }
                        }
                    }
                }
            ]
        }
    }
}
