{
    "data": {
        "results": {
            "facet": {
                "identifier": "actors",
                "label": "Actors",
                "type": "RefinementSelectFacet",
                "display": "ListFacet",
                "entries": [
                    {
                        "label": "Al Gore",
                        "count": 1
                    },
                    {
                        "label": "Al Pacino",
                        "count": 14
                    },
                    {
                        "label": "Alain Prost",
                        "count": 1
                    },
                    {
                        "label": "Alakina Mann",
                        "count": 1
                    },
                    {
                        "label": "Alan Alda",
                        "count": 1
                    }
                ]
            }
        }
    },
    "extensions": {
        "searchlight_inspection": {
            "version": 1,
            "trips": [
                {
                    "query": {
                        "size": 0,
                        "from": 0,
                        "_source": {
                            "includes": [
                                "type",
                                "title",
                                "year",
                                "rated",
                                "released",
                                "genres",
                                "directors",
                                "writers",
                                "actors",
                                "countries",
                                "plot",
                                "poster",
                                "id",
                                "metascore"
                            ]
                        },
                        "highlight": {
                            "fields": {
                                "name": [],
                                "description": [],
                                "category": [],
                                "kind": []
                            }
                        },
                        "aggs": {
                            "facet_bucket_all": {
                                "aggs": {
                                    "actors": {
                                        "terms": {
                                            "field": "actors.keyword",
                                            "size": 5,
                                            "order": {
                                                "_key": "asc"
                                            },
                                            "include": "([a-zA-Z]+ )+?[aA][lL].*"
                                        }
                                    }
                                },
                                "filter": {
                                    "bool": {
                                        "must": []
                                    }
                                }
                            }
                        },
                        "query": {
                            "bool": {
                                "filter": []
                            }
                        }
                    },
                    "response": {
                        "timed_out": false,
                        "_shards": {
                            "total": 1,
                            "successful": 1,
                            "skipped": 0,
                            "failed": 0
                        },
                        "hits": {
                            "total": {
                                "value": 1000,
                                "relation": "eq"
                            },
                            "max_score": null,
                            "hits": []
                        },
                        "aggregations": {
                            "facet_bucket_all": {
                                "meta": [],
                                "doc_count": 1000,
                                "actors": {
                                    "doc_count_error_upper_bound": 0,
                                    "sum_other_doc_count": 97,
                                    "buckets": [
                                        {
                                            "key": "Al Gore",
                                            "doc_count": 1
                                        },
                                        {
                                            "key": "Al Pacino",
                                            "doc_count": 14
                                        },
                                        {
                                            "key": "Alain Prost",
                                            "doc_count": 1
                                        },
                                        {
                                            "key": "Alakina Mann",
                                            "doc_count": 1
                                        },
                                        {
                                            "key": "Alan Alda",
                                            "doc_count": 1
                                        }
                                    ]
                                }
                            }
                        }
                    }
                }
            ]
        }
    }
}
