{
    "data": {
        "results": {
            "summary": {
                "sortOptions": [
                    {
                        "id": "relevance",
                        "label": "Relevance"
                    },
                    {
                        "id": "rated_desc",
                        "label": "Rated (desc)"
                    },
                    {
                        "id": "rated_asc",
                        "label": "Rated (asc)"
                    }
                ]
            },
            "hits": {
                "sortedBy": "rated_desc",
                "items": [
                    {
                        "id": "tt0066921",
                        "fields": {
                            "rated": "X"
                        }
                    },
                    {
                        "id": "tt0092991",
                        "fields": {
                            "rated": "X"
                        }
                    },
                    {
                        "id": "tt0064665",
                        "fields": {
                            "rated": "X"
                        }
                    },
                    {
                        "id": "tt0047478",
                        "fields": {
                            "rated": "Unrated"
                        }
                    },
                    {
                        "id": "tt0057115",
                        "fields": {
                            "rated": "Unrated"
                        }
                    },
                    {
                        "id": "tt0095327",
                        "fields": {
                            "rated": "Unrated"
                        }
                    },
                    {
                        "id": "tt0042876",
                        "fields": {
                            "rated": "Unrated"
                        }
                    },
                    {
                        "id": "tt0055630",
                        "fields": {
                            "rated": "Unrated"
                        }
                    },
                    {
                        "id": "tt0077402",
                        "fields": {
                            "rated": "Unrated"
                        }
                    },
                    {
                        "id": "tt0063350",
                        "fields": {
                            "rated": "Unrated"
                        }
                    }
                ]
            }
        }
    },
    "extensions": {
        "searchlight_inspection": {
            "version": 1,
            "took": 1,
            "trips": [
                {
                    "query": {
                        "size": 10,
                        "from": 0,
                        "sort": [
                            {
                                "rated": "desc"
                            }
                        ],
                        "_source": {
                            "includes": [
                                "type",
                                "title",
                                "year",
                                "rated",
                                "released",
                                "genres",
                                "directors",
                                "writers",
                                "actors",
                                "countries",
                                "plot",
                                "poster",
                                "id",
                                "metascore"
                            ]
                        },
                        "query": {
                            "bool": {
                                "filter": []
                            }
                        }
                    },
                    "response": {
                        "took": 1,
                        "timed_out": false,
                        "_shards": {
                            "total": 1,
                            "successful": 1,
                            "skipped": 0,
                            "failed": 0
                        },
                        "hits": {
                            "total": {
                                "value": 1000,
                                "relation": "eq"
                            },
                            "max_score": null,
                            "hits": [
                                {
                                    "_index": "imdb_movies",
                                    "_type": "_doc",
                                    "_id": "tt0066921",
                                    "_score": null,
                                    "_source": {
                                        "year": 1971,
                                        "directors": [
                                            "Stanley Kubrick"
                                        ],
                                        "writers": [
                                            "Stanley Kubrick",
                                            "Anthony Burgess"
                                        ],
                                        "countries": [
                                            "UK",
                                            "USA"
                                        ],
                                        "type": "movie",
                                        "title": "A Clockwork Orange",
                                        "rated": "X",
                                        "actors": [
                                            "Malcolm McDowell",
                                            "Patrick Magee",
                                            "Michael Bates",
                                            "Warren Clarke"
                                        ],
                                        "plot": "In future Britain, charismatic delinquent Alex DeLarge is jailed and volunteers for an experimental aversion therapy developed by the government in an effort to solve society's crime problem - but not all goes according to plan.",
                                        "genres": [
                                            "Crime",
                                            "Drama",
                                            "Sci-Fi"
                                        ],
                                        "id": "tt0066921",
                                        "metascore": 78,
                                        "poster": "https:\/\/s3-eu-west-1.amazonaws.com\/imdbimages\/images\/MV5BMTY3MjM1Mzc4N15BMl5BanBnXkFtZTgwODM0NzAxMDE@._V1_SX300.jpg",
                                        "released": "1972-02-02T00:00:00Z"
                                    },
                                    "sort": [
                                        "X"
                                    ]
                                },
                                {
                                    "_index": "imdb_movies",
                                    "_type": "_doc",
                                    "_id": "tt0092991",
                                    "_score": null,
                                    "_source": {
                                        "year": 1987,
                                        "directors": [
                                            "Sam Raimi"
                                        ],
                                        "writers": [
                                            "Sam Raimi",
                                            "Scott Spiegel"
                                        ],
                                        "countries": [
                                            "USA"
                                        ],
                                        "type": "movie",
                                        "title": "Evil Dead II",
                                        "rated": "X",
                                        "actors": [
                                            "Bruce Campbell",
                                            "Sarah Berry",
                                            "Dan Hicks",
                                            "Kassie Wesley DePaiva"
                                        ],
                                        "plot": "The lone survivor of an onslaught of flesh-possessing spirits holds up in a cabin with a group of strangers while the demons continue their attack.",
                                        "genres": [
                                            "Comedy",
                                            "Horror"
                                        ],
                                        "id": "tt0092991",
                                        "metascore": 69,
                                        "poster": "https:\/\/s3-eu-west-1.amazonaws.com\/imdbimages\/images\/MV5BMTI0ODQzMzY5N15BMl5BanBnXkFtZTYwMDE0NTU5._V1_SX300.jpg",
                                        "released": "1987-03-13T00:00:00Z"
                                    },
                                    "sort": [
                                        "X"
                                    ]
                                },
                                {
                                    "_index": "imdb_movies",
                                    "_type": "_doc",
                                    "_id": "tt0064665",
                                    "_score": null,
                                    "_source": {
                                        "year": 1969,
                                        "directors": [
                                            "John Schlesinger"
                                        ],
                                        "writers": [
                                            "Waldo Salt",
                                            "James Leo Herlihy"
                                        ],
                                        "countries": [
                                            "USA"
                                        ],
                                        "type": "movie",
                                        "title": "Midnight Cowboy",
                                        "rated": "X",
                                        "actors": [
                                            "Dustin Hoffman",
                                            "Jon Voight",
                                            "Sylvia Miles",
                                            "John McGiver"
                                        ],
                                        "plot": "A naive male prostitute and his sickly friend struggle to survive on the streets of New York City.",
                                        "genres": [
                                            "Drama"
                                        ],
                                        "id": "tt0064665",
                                        "poster": "https:\/\/s3-eu-west-1.amazonaws.com\/imdbimages\/images\/MV5BMTMzMjY1OTE5OV5BMl5BanBnXkFtZTcwMjUzNTk3NA@@._V1_SX300.jpg",
                                        "released": "1969-06-16T00:00:00+01:00"
                                    },
                                    "sort": [
                                        "X"
                                    ]
                                },
                                {
                                    "_index": "imdb_movies",
                                    "_type": "_doc",
                                    "_id": "tt0047478",
                                    "_score": null,
                                    "_source": {
                                        "year": 1954,
                                        "directors": [
                                            "Akira Kurosawa"
                                        ],
                                        "writers": [
                                            "Akira Kurosawa",
                                            "Shinobu Hashimoto",
                                            "Hideo Oguni"
                                        ],
                                        "countries": [
                                            "Japan"
                                        ],
                                        "type": "movie",
                                        "title": "Seven Samurai",
                                        "rated": "Unrated",
                                        "actors": [
                                            "Toshir\u00f4 Mifune",
                                            "Takashi Shimura",
                                            "Keiko Tsushima",
                                            "Yukiko Shimazaki"
                                        ],
                                        "plot": "A poor village under attack by bandits recruits seven unemployed samurai to help them defend themselves.",
                                        "genres": [
                                            "Action",
                                            "Drama"
                                        ],
                                        "id": "tt0047478",
                                        "metascore": 99,
                                        "poster": "https:\/\/s3-eu-west-1.amazonaws.com\/imdbimages\/images\/MV5BNzg5Mzk5Nzc0NF5BMl5BanBnXkFtZTcwNjg3MDQzMQ@@._V1_SX300.jpg",
                                        "released": "1956-11-19T00:00:00Z"
                                    },
                                    "sort": [
                                        "Unrated"
                                    ]
                                },
                                {
                                    "_index": "imdb_movies",
                                    "_type": "_doc",
                                    "_id": "tt0057115",
                                    "_score": null,
                                    "_source": {
                                        "year": 1963,
                                        "directors": [
                                            "John Sturges"
                                        ],
                                        "writers": [
                                            "Paul Brickhill",
                                            "James Clavell",
                                            "W.R. Burnett"
                                        ],
                                        "countries": [
                                            "USA"
                                        ],
                                        "type": "movie",
                                        "title": "The Great Escape",
                                        "rated": "Unrated",
                                        "actors": [
                                            "Steve McQueen",
                                            "James Garner",
                                            "Richard Attenborough",
                                            "James Donald"
                                        ],
                                        "plot": "Allied P.O.W.s plan for several hundred of their number to escape from a German camp during World War II.",
                                        "genres": [
                                            "Adventure",
                                            "Drama",
                                            "History"
                                        ],
                                        "id": "tt0057115",
                                        "poster": "https:\/\/s3-eu-west-1.amazonaws.com\/imdbimages\/images\/MV5BMjI2MTQwNDI3Nl5BMl5BanBnXkFtZTcwNDk4MTkzNA@@._V1_SX300.jpg",
                                        "released": "1963-07-04T00:00:00+01:00"
                                    },
                                    "sort": [
                                        "Unrated"
                                    ]
                                },
                                {
                                    "_index": "imdb_movies",
                                    "_type": "_doc",
                                    "_id": "tt0095327",
                                    "_score": null,
                                    "_source": {
                                        "year": 1988,
                                        "directors": [
                                            "Isao Takahata"
                                        ],
                                        "writers": [
                                            "Akiyuki Nosaka",
                                            "Isao Takahata"
                                        ],
                                        "countries": [
                                            "Japan"
                                        ],
                                        "type": "movie",
                                        "title": "Grave of the Fireflies",
                                        "rated": "Unrated",
                                        "actors": [
                                            "Tsutomu Tatsumi",
                                            "Ayano Shiraishi",
                                            "Yoshiko Shinohara",
                                            "Akemi Yamaguchi"
                                        ],
                                        "plot": "A tragic film covering a young boy and his little sister's struggle to survive in Japan during World War II.",
                                        "genres": [
                                            "Animation",
                                            "Drama",
                                            "War"
                                        ],
                                        "id": "tt0095327",
                                        "poster": "https:\/\/s3-eu-west-1.amazonaws.com\/imdbimages\/images\/MV5BMjA0MzgwMTU4MV5BMl5BanBnXkFtZTcwODYxNjEzMQ@@._V1_SX300.jpg",
                                        "released": "1988-04-16T00:00:00+01:00"
                                    },
                                    "sort": [
                                        "Unrated"
                                    ]
                                },
                                {
                                    "_index": "imdb_movies",
                                    "_type": "_doc",
                                    "_id": "tt0042876",
                                    "_score": null,
                                    "_source": {
                                        "year": 1950,
                                        "directors": [
                                            "Akira Kurosawa"
                                        ],
                                        "writers": [
                                            "Ry\u00fbnosuke Akutagawa",
                                            "Akira Kurosawa",
                                            "Shinobu Hashimoto"
                                        ],
                                        "countries": [
                                            "Japan"
                                        ],
                                        "type": "movie",
                                        "title": "Rashomon",
                                        "rated": "Unrated",
                                        "actors": [
                                            "Toshir\u00f4 Mifune",
                                            "Machiko Ky\u00f4",
                                            "Masayuki Mori",
                                            "Takashi Shimura"
                                        ],
                                        "plot": "A heinous crime and its aftermath are recalled from differing points of view.",
                                        "genres": [
                                            "Crime",
                                            "Drama"
                                        ],
                                        "id": "tt0042876",
                                        "poster": "https:\/\/s3-eu-west-1.amazonaws.com\/imdbimages\/images\/MV5BMjEzMzA4NDE2OF5BMl5BanBnXkFtZTcwNTc5MDI2NQ@@._V1_SX300.jpg",
                                        "released": "1951-12-26T00:00:00Z"
                                    },
                                    "sort": [
                                        "Unrated"
                                    ]
                                },
                                {
                                    "_index": "imdb_movies",
                                    "_type": "_doc",
                                    "_id": "tt0055630",
                                    "_score": null,
                                    "_source": {
                                        "year": 1961,
                                        "directors": [
                                            "Akira Kurosawa"
                                        ],
                                        "writers": [
                                            "Akira Kurosawa",
                                            "Akira Kurosawa",
                                            "Ry\u00fbz\u00f4 Kikushima"
                                        ],
                                        "countries": [
                                            "Japan"
                                        ],
                                        "type": "movie",
                                        "title": "Yojimbo",
                                        "rated": "Unrated",
                                        "actors": [
                                            "Toshir\u00f4 Mifune",
                                            "Tatsuya Nakadai",
                                            "Y\u00f4ko Tsukasa",
                                            "Isuzu Yamada"
                                        ],
                                        "plot": "A crafty ronin comes to a town divided by two criminal gangs and decides to play them against each other to free the town.",
                                        "genres": [
                                            "Action",
                                            "Adventure"
                                        ],
                                        "id": "tt0055630",
                                        "poster": "https:\/\/s3-eu-west-1.amazonaws.com\/imdbimages\/images\/MV5BMTIwMzExNjEzM15BMl5BanBnXkFtZTcwODk2NDE0MQ@@._V1_SX300.jpg",
                                        "released": "1961-09-13T00:00:00+01:00"
                                    },
                                    "sort": [
                                        "Unrated"
                                    ]
                                },
                                {
                                    "_index": "imdb_movies",
                                    "_type": "_doc",
                                    "_id": "tt0077402",
                                    "_score": null,
                                    "_source": {
                                        "year": 1978,
                                        "directors": [
                                            "George A. Romero"
                                        ],
                                        "writers": [
                                            "George A. Romero"
                                        ],
                                        "countries": [
                                            "Italy",
                                            "USA"
                                        ],
                                        "type": "movie",
                                        "title": "Dawn of the Dead",
                                        "rated": "Unrated",
                                        "actors": [
                                            "David Emge",
                                            "Ken Foree",
                                            "Scott H. Reiniger",
                                            "Gaylen Ross"
                                        ],
                                        "plot": "Following an ever-growing epidemic of zombies that have risen from the dead, two Philadelphia SWAT team members, a traffic reporter, and his television-executive girlfriend seek refuge in a secluded shopping mall.",
                                        "genres": [
                                            "Horror"
                                        ],
                                        "id": "tt0077402",
                                        "poster": "https:\/\/s3-eu-west-1.amazonaws.com\/imdbimages\/images\/MV5BMjE1NzI5OTA1OF5BMl5BanBnXkFtZTcwMjg1MDUyMQ@@._V1_SX300.jpg",
                                        "released": "1979-05-24T00:00:00+01:00"
                                    },
                                    "sort": [
                                        "Unrated"
                                    ]
                                },
                                {
                                    "_index": "imdb_movies",
                                    "_type": "_doc",
                                    "_id": "tt0063350",
                                    "_score": null,
                                    "_source": {
                                        "year": 1968,
                                        "directors": [
                                            "George A. Romero"
                                        ],
                                        "writers": [
                                            "John A. Russo",
                                            "George A. Romero"
                                        ],
                                        "countries": [
                                            "USA"
                                        ],
                                        "type": "movie",
                                        "title": "Night of the Living Dead",
                                        "rated": "Unrated",
                                        "actors": [
                                            "Duane Jones",
                                            "Judith O'Dea",
                                            "Karl Hardman",
                                            "Marilyn Eastman"
                                        ],
                                        "plot": "A group of people hide from bloodthirsty zombies in a farmhouse.",
                                        "genres": [
                                            "Horror"
                                        ],
                                        "id": "tt0063350",
                                        "poster": "https:\/\/s3-eu-west-1.amazonaws.com\/imdbimages\/images\/MV5BMTQ2MjAxODUyNl5BMl5BanBnXkFtZTgwOTExMzUzMDE@._V1_SX300.jpg",
                                        "released": "1968-10-01T00:00:00+01:00"
                                    },
                                    "sort": [
                                        "Unrated"
                                    ]
                                }
                            ]
                        }
                    }
                }
            ]
        }
    }
}
